Starting JONBOT...
Traceback (most recent call last):
  File "/home/pi/JONBOT/JONBOT/main.py", line 43, in <module>
    raise ValueError("Missing enviroment variable")
ValueError: Missing enviroment variable
Starting JONBOT...
Traceback (most recent call last):
  File "/home/pi/JONBOT/JONBOT/main.py", line 43, in <module>
    raise ValueError("Missing enviroment variable")
ValueError: Missing enviroment variable
Starting JONBOT...
Traceback (most recent call last):
  File "/home/pi/JONBOT/JONBOT/main.py", line 43, in <module>
    raise ValueError("Missing enviroment variable")
ValueError: Missing enviroment variable
Starting JONBOT...
Traceback (most recent call last):
  File "/home/pi/JONBOT/JONBOT/main.py", line 43, in <module>
    raise ValueError("Missing enviroment variable")
ValueError: Missing enviroment variable
Starting JONBOT...
Traceback (most recent call last):
  File "/home/pi/JONBOT/JONBOT/main.py", line 43, in <module>
    raise ValueError("Missing enviroment variable")
ValueError: Missing enviroment variable
Starting JONBOT...
Traceback (most recent call last):
  File "/home/pi/JONBOT/JONBOT/main.py", line 43, in <module>
    raise ValueError("Missing enviroment variable")
ValueError: Missing enviroment variable
Starting JONBOT...
Traceback (most recent call last):
  File "/home/pi/JONBOT/JONBOT/main.py", line 43, in <module>
    raise ValueError("Missing enviroment variable")
ValueError: Missing enviroment variable
Starting JONBOT...
Traceback (most recent call last):
  File "/home/pi/JONBOT/JONBOT/main.py", line 43, in <module>
    raise ValueError("Missing enviroment variable")
ValueError: Missing enviroment variable
Starting JONBOT...
Traceback (most recent call last):
  File "/home/pi/JONBOT/JONBOT/main.py", line 43, in <module>
    raise ValueError("Missing enviroment variable")
ValueError: Missing enviroment variable
Starting JONBOT...
Traceback (most recent call last):
  File "/home/pi/JONBOT/JONBOT/main.py", line 43, in <module>
    raise ValueError("Missing enviroment variable")
ValueError: Missing enviroment variable
Starting JONBOT...
Traceback (most recent call last):
  File "/home/pi/JONBOT/JONBOT/main.py", line 43, in <module>
    raise ValueError("Missing enviroment variable")
ValueError: Missing enviroment variable
Starting JONBOT...
Traceback (most recent call last):
  File "/home/pi/JONBOT/JONBOT/main.py", line 43, in <module>
    raise ValueError("Missing enviroment variable")
ValueError: Missing enviroment variable
Starting JONBOT...
Traceback (most recent call last):
  File "/home/pi/JONBOT/JONBOT/main.py", line 43, in <module>
    raise ValueError("Missing enviroment variable")
ValueError: Missing enviroment variable
Starting JONBOT...
Traceback (most recent call last):
  File "/home/pi/JONBOT/JONBOT/main.py", line 43, in <module>
    raise ValueError("Missing enviroment variable")
ValueError: Missing enviroment variable
Starting JONBOT...
Traceback (most recent call last):
  File "/home/pi/JONBOT/JONBOT/main.py", line 43, in <module>
    raise ValueError("Missing enviroment variable")
ValueError: Missing enviroment variable
Starting JONBOT...
Traceback (most recent call last):
  File "/home/pi/JONBOT/JONBOT/main.py", line 43, in <module>
    raise ValueError("Missing enviroment variable")
ValueError: Missing enviroment variable
Starting JONBOT...
Traceback (most recent call last):
  File "/home/pi/JONBOT/JONBOT/main.py", line 43, in <module>
    raise ValueError("Missing enviroment variable")
ValueError: Missing enviroment variable
Starting JONBOT...
Traceback (most recent call last):
  File "/home/pi/JONBOT/JONBOT/main.py", line 43, in <module>
    raise ValueError("Missing enviroment variable")
ValueError: Missing enviroment variable
Starting JONBOT...
Traceback (most recent call last):
  File "/home/pi/JONBOT/JONBOT/main.py", line 43, in <module>
    raise ValueError("Missing enviroment variable")
ValueError: Missing enviroment variable
Starting JONBOT...
Traceback (most recent call last):
  File "/home/pi/JONBOT/JONBOT/main.py", line 43, in <module>
    raise ValueError("Missing enviroment variable")
ValueError: Missing enviroment variable
Starting JONBOT...
Traceback (most recent call last):
  File "/home/pi/JONBOT/JONBOT/main.py", line 43, in <module>
    raise ValueError("Missing enviroment variable")
ValueError: Missing enviroment variable
Starting JONBOT...
Traceback (most recent call last):
  File "/home/pi/JONBOT/JONBOT/main.py", line 43, in <module>
    raise ValueError("Missing enviroment variable")
ValueError: Missing enviroment variable
Starting JONBOT...
Traceback (most recent call last):
  File "/home/pi/JONBOT/JONBOT/main.py", line 43, in <module>
    raise ValueError("Missing enviroment variable")
ValueError: Missing enviroment variable
Starting JONBOT...
Traceback (most recent call last):
  File "/home/pi/JONBOT/JONBOT/main.py", line 43, in <module>
    raise ValueError("Missing enviroment variable")
ValueError: Missing enviroment variable
Starting JONBOT...
Traceback (most recent call last):
  File "/home/pi/JONBOT/JONBOT/main.py", line 43, in <module>
    raise ValueError("Missing enviroment variable")
ValueError: Missing enviroment variable
Starting JONBOT...
Traceback (most recent call last):
  File "/home/pi/JONBOT/JONBOT/main.py", line 43, in <module>
    raise ValueError("Missing enviroment variable")
ValueError: Missing enviroment variable
Starting JONBOT...
Traceback (most recent call last):
  File "/home/pi/JONBOT/JONBOT/main.py", line 43, in <module>
    raise ValueError("Missing enviroment variable")
ValueError: Missing enviroment variable
Starting JONBOT...
Traceback (most recent call last):
  File "/home/pi/JONBOT/JONBOT/main.py", line 43, in <module>
    raise ValueError("Missing enviroment variable")
ValueError: Missing enviroment variable
Starting JONBOT...
Traceback (most recent call last):
  File "/home/pi/JONBOT/JONBOT/main.py", line 43, in <module>
    raise ValueError("Missing enviroment variable")
ValueError: Missing enviroment variable
Starting JONBOT...
Traceback (most recent call last):
  File "/home/pi/JONBOT/JONBOT/main.py", line 43, in <module>
    raise ValueError("Missing enviroment variable")
ValueError: Missing enviroment variable
Starting JONBOT...
Traceback (most recent call last):
  File "/home/pi/JONBOT/JONBOT/main.py", line 43, in <module>
    raise ValueError("Missing enviroment variable")
ValueError: Missing enviroment variable
Starting JONBOT...
Traceback (most recent call last):
  File "/home/pi/JONBOT/JONBOT/main.py", line 43, in <module>
    raise ValueError("Missing enviroment variable")
ValueError: Missing enviroment variable
Starting JONBOT...
Traceback (most recent call last):
  File "/home/pi/JONBOT/JONBOT/main.py", line 43, in <module>
    raise ValueError("Missing enviroment variable: " + env_string)
ValueError: Missing enviroment variable: TENOR_API
Starting JONBOT...
Traceback (most recent call last):
  File "/home/pi/JONBOT/JONBOT/main.py", line 43, in <module>
    raise ValueError("Missing enviroment variable: " + env_string)
ValueError: Missing enviroment variable: TENOR_API
Starting JONBOT...
Traceback (most recent call last):
  File "/home/pi/JONBOT/JONBOT/main.py", line 43, in <module>
    raise ValueError("Missing enviroment variable: " + env_string)
ValueError: Missing enviroment variable: TENOR_API
Starting JONBOT...
Traceback (most recent call last):
  File "/home/pi/JONBOT/JONBOT/main.py", line 43, in <module>
    raise ValueError("Missing enviroment variable: " + env_string)
ValueError: Missing enviroment variable: TENOR_API
Starting JONBOT...
Traceback (most recent call last):
  File "/home/pi/JONBOT/JONBOT/main.py", line 43, in <module>
    raise ValueError("Missing enviroment variable: " + env_string)
ValueError: Missing enviroment variable: TENOR_API
Starting JONBOT...
Traceback (most recent call last):
  File "/home/pi/JONBOT/JONBOT/main.py", line 43, in <module>
    raise ValueError("Missing enviroment variable: " + env_string)
ValueError: Missing enviroment variable: TENOR_API
Starting JONBOT...
Traceback (most recent call last):
  File "/home/pi/JONBOT/JONBOT/main.py", line 43, in <module>
    raise ValueError("Missing enviroment variable: " + env_string)
ValueError: Missing enviroment variable: TENOR_API
Starting JONBOT...
Traceback (most recent call last):
  File "/home/pi/JONBOT/JONBOT/main.py", line 43, in <module>
    raise ValueError("Missing enviroment variable: " + env_string)
ValueError: Missing enviroment variable: TENOR_API
Starting JONBOT...
Traceback (most recent call last):
  File "/home/pi/JONBOT/JONBOT/main.py", line 43, in <module>
    raise ValueError("Missing enviroment variable: " + env_string)
ValueError: Missing enviroment variable: TENOR_API
Starting JONBOT...
Traceback (most recent call last):
  File "/home/pi/JONBOT/JONBOT/main.py", line 43, in <module>
    raise ValueError("Missing enviroment variable: " + env_string)
ValueError: Missing enviroment variable: TENOR_API
Starting JONBOT...
Traceback (most recent call last):
  File "/home/pi/JONBOT/JONBOT/main.py", line 43, in <module>
    raise ValueError("Missing enviroment variable: " + env_string)
ValueError: Missing enviroment variable: TENOR_API
Starting JONBOT...
Traceback (most recent call last):
  File "/home/pi/JONBOT/JONBOT/main.py", line 43, in <module>
    raise ValueError("Missing enviroment variable: " + env_string)
ValueError: Missing enviroment variable: TENOR_API
Starting JONBOT...
Traceback (most recent call last):
  File "/home/pi/JONBOT/JONBOT/main.py", line 43, in <module>
    raise ValueError("Missing enviroment variable: " + env_string)
ValueError: Missing enviroment variable: TENOR_API
Starting JONBOT...
Traceback (most recent call last):
  File "/home/pi/JONBOT/JONBOT/main.py", line 43, in <module>
    raise ValueError("Missing enviroment variable: " + env_string)
ValueError: Missing enviroment variable: TENOR_API
Starting JONBOT...
Traceback (most recent call last):
  File "/home/pi/JONBOT/JONBOT/main.py", line 43, in <module>
    raise ValueError("Missing enviroment variable: " + env_string)
ValueError: Missing enviroment variable: TENOR_API
Starting JONBOT...
Traceback (most recent call last):
  File "/home/pi/JONBOT/JONBOT/main.py", line 43, in <module>
    raise ValueError("Missing enviroment variable: " + env_string)
ValueError: Missing enviroment variable: TENOR_API
Starting JONBOT...
Traceback (most recent call last):
  File "/home/pi/JONBOT/JONBOT/main.py", line 43, in <module>
    raise ValueError("Missing enviroment variable: " + env_string)
ValueError: Missing enviroment variable: TENOR_API
Starting JONBOT...
Traceback (most recent call last):
  File "/home/pi/JONBOT/JONBOT/main.py", line 43, in <module>
    raise ValueError("Missing enviroment variable: " + env_string)
ValueError: Missing enviroment variable: TENOR_API
Starting JONBOT...
Traceback (most recent call last):
  File "/home/pi/JONBOT/JONBOT/main.py", line 43, in <module>
    raise ValueError("Missing enviroment variable: " + env_string)
ValueError: Missing enviroment variable: TENOR_API
Starting JONBOT...
Traceback (most recent call last):
  File "/home/pi/JONBOT/JONBOT/main.py", line 43, in <module>
    raise ValueError("Missing enviroment variable: " + env_string)
ValueError: Missing enviroment variable: TENOR_API
Starting JONBOT...
Traceback (most recent call last):
  File "/home/pi/JONBOT/JONBOT/main.py", line 43, in <module>
    raise ValueError("Missing enviroment variable: " + env_string)
ValueError: Missing enviroment variable: TENOR_API
Starting JONBOT...
Traceback (most recent call last):
  File "/home/pi/JONBOT/JONBOT/main.py", line 43, in <module>
    raise ValueError("Missing enviroment variable: " + env_string)
ValueError: Missing enviroment variable: TENOR_API
Starting JONBOT...
Traceback (most recent call last):
  File "/home/pi/JONBOT/JONBOT/main.py", line 43, in <module>
    raise ValueError("Missing enviroment variable: " + env_string)
ValueError: Missing enviroment variable: TENOR_API
Starting JONBOT...
Traceback (most recent call last):
  File "/home/pi/JONBOT/JONBOT/main.py", line 43, in <module>
    raise ValueError("Missing enviroment variable: " + env_string)
ValueError: Missing enviroment variable: TENOR_API
Starting JONBOT...
Traceback (most recent call last):
  File "/home/pi/JONBOT/JONBOT/main.py", line 43, in <module>
    raise ValueError("Missing enviroment variable: " + env_string)
ValueError: Missing enviroment variable: TENOR_API
Starting JONBOT...
Traceback (most recent call last):
  File "/home/pi/JONBOT/JONBOT/main.py", line 43, in <module>
    raise ValueError("Missing enviroment variable: " + env_string)
ValueError: Missing enviroment variable: TENOR_API
Starting JONBOT...
Traceback (most recent call last):
  File "/home/pi/JONBOT/JONBOT/main.py", line 43, in <module>
    raise ValueError("Missing enviroment variable: " + env_string)
ValueError: Missing enviroment variable: TENOR_API
Starting JONBOT...
Traceback (most recent call last):
  File "/home/pi/JONBOT/JONBOT/main.py", line 43, in <module>
    raise ValueError("Missing enviroment variable: " + env_string)
ValueError: Missing enviroment variable: TENOR_API
Starting JONBOT...
Traceback (most recent call last):
  File "/home/pi/JONBOT/JONBOT/main.py", line 43, in <module>
    raise ValueError("Missing enviroment variable: " + env_string)
ValueError: Missing enviroment variable: TENOR_API
Starting JONBOT...
Traceback (most recent call last):
  File "/home/pi/JONBOT/JONBOT/main.py", line 43, in <module>
    raise ValueError("Missing enviroment variable: " + env_string)
ValueError: Missing enviroment variable: TENOR_API
Starting JONBOT...
Traceback (most recent call last):
  File "/home/pi/JONBOT/JONBOT/main.py", line 43, in <module>
    raise ValueError("Missing enviroment variable: " + env_string)
ValueError: Missing enviroment variable: TENOR_API
Starting JONBOT...
Traceback (most recent call last):
  File "/home/pi/JONBOT/JONBOT/main.py", line 43, in <module>
    raise ValueError("Missing enviroment variable: " + env_string)
ValueError: Missing enviroment variable: TENOR_API
Starting JONBOT...
Traceback (most recent call last):
  File "/home/pi/JONBOT/JONBOT/main.py", line 43, in <module>
    raise ValueError("Missing enviroment variable: " + env_string)
ValueError: Missing enviroment variable: TENOR_API
Starting JONBOT...
Traceback (most recent call last):
  File "/home/pi/JONBOT/JONBOT/main.py", line 43, in <module>
    raise ValueError("Missing enviroment variable: " + env_string)
ValueError: Missing enviroment variable: TENOR_API
Starting JONBOT...
Traceback (most recent call last):
  File "/home/pi/JONBOT/JONBOT/main.py", line 43, in <module>
    raise ValueError("Missing enviroment variable: " + env_string)
ValueError: Missing enviroment variable: TENOR_API
Starting JONBOT...
Traceback (most recent call last):
  File "/home/pi/JONBOT/JONBOT/main.py", line 43, in <module>
    raise ValueError("Missing enviroment variable: " + env_string)
ValueError: Missing enviroment variable: TENOR_API
Starting JONBOT...
Traceback (most recent call last):
  File "/home/pi/JONBOT/JONBOT/main.py", line 43, in <module>
    raise ValueError("Missing enviroment variable: " + env_string)
ValueError: Missing enviroment variable: TENOR_API
Starting JONBOT...
Traceback (most recent call last):
  File "/home/pi/JONBOT/JONBOT/main.py", line 43, in <module>
    raise ValueError("Missing enviroment variable: " + env_string)
ValueError: Missing enviroment variable: TENOR_API
Starting JONBOT...
Traceback (most recent call last):
  File "/home/pi/JONBOT/JONBOT/main.py", line 43, in <module>
    raise ValueError("Missing enviroment variable: " + env_string)
ValueError: Missing enviroment variable: TENOR_API
Starting JONBOT...
Traceback (most recent call last):
  File "/home/pi/JONBOT/JONBOT/main.py", line 43, in <module>
    raise ValueError("Missing enviroment variable: " + env_string)
ValueError: Missing enviroment variable: TENOR_API
Starting JONBOT...
Traceback (most recent call last):
  File "/home/pi/JONBOT/JONBOT/main.py", line 43, in <module>
    raise ValueError("Missing enviroment variable: " + env_string)
ValueError: Missing enviroment variable: TENOR_API
Starting JONBOT...
Traceback (most recent call last):
  File "/home/pi/JONBOT/JONBOT/main.py", line 43, in <module>
    raise ValueError("Missing enviroment variable: " + env_string)
ValueError: Missing enviroment variable: TENOR_API
Starting JONBOT...
Traceback (most recent call last):
  File "/home/pi/JONBOT/JONBOT/main.py", line 43, in <module>
    raise ValueError("Missing enviroment variable: " + env_string)
ValueError: Missing enviroment variable: TENOR_API
Starting JONBOT...
Traceback (most recent call last):
  File "/home/pi/JONBOT/JONBOT/main.py", line 43, in <module>
    raise ValueError("Missing enviroment variable: " + env_string)
ValueError: Missing enviroment variable: TENOR_API
Starting JONBOT...
Traceback (most recent call last):
  File "/home/pi/JONBOT/JONBOT/main.py", line 43, in <module>
    raise ValueError("Missing enviroment variable: " + env_string)
ValueError: Missing enviroment variable: TENOR_API
Starting JONBOT...
Traceback (most recent call last):
  File "/home/pi/JONBOT/JONBOT/main.py", line 43, in <module>
    raise ValueError("Missing enviroment variable: " + env_string)
ValueError: Missing enviroment variable: TENOR_API
Starting JONBOT...
Traceback (most recent call last):
  File "/home/pi/JONBOT/JONBOT/main.py", line 43, in <module>
    raise ValueError("Missing enviroment variable: " + env_string)
ValueError: Missing enviroment variable: TENOR_API
Starting JONBOT...
Traceback (most recent call last):
  File "/home/pi/JONBOT/JONBOT/main.py", line 43, in <module>
    raise ValueError("Missing enviroment variable: " + env_string)
ValueError: Missing enviroment variable: TENOR_API
Starting JONBOT...
Traceback (most recent call last):
  File "/home/pi/JONBOT/JONBOT/main.py", line 43, in <module>
    raise ValueError("Missing enviroment variable: " + env_string)
ValueError: Missing enviroment variable: TENOR_API
Starting JONBOT...
Traceback (most recent call last):
  File "/home/pi/JONBOT/JONBOT/main.py", line 43, in <module>
    raise ValueError("Missing enviroment variable: " + env_string)
ValueError: Missing enviroment variable: TENOR_API
Starting JONBOT...
Traceback (most recent call last):
  File "/home/pi/JONBOT/JONBOT/main.py", line 43, in <module>
    raise ValueError("Missing enviroment variable: " + env_string)
ValueError: Missing enviroment variable: TENOR_API
Starting JONBOT...
Traceback (most recent call last):
  File "/home/pi/JONBOT/JONBOT/main.py", line 43, in <module>
    raise ValueError("Missing enviroment variable: " + env_string)
ValueError: Missing enviroment variable: TENOR_API
Starting JONBOT...
Traceback (most recent call last):
  File "/home/pi/JONBOT/JONBOT/main.py", line 43, in <module>
    raise ValueError("Missing enviroment variable: " + env_string)
ValueError: Missing enviroment variable: TENOR_API
Starting JONBOT...
Traceback (most recent call last):
  File "/home/pi/JONBOT/JONBOT/main.py", line 43, in <module>
    raise ValueError("Missing enviroment variable: " + env_string)
ValueError: Missing enviroment variable: TENOR_API
Starting JONBOT...
Traceback (most recent call last):
  File "/home/pi/JONBOT/JONBOT/main.py", line 43, in <module>
    raise ValueError("Missing enviroment variable: " + env_string)
ValueError: Missing enviroment variable: TENOR_API
Starting JONBOT...
Traceback (most recent call last):
  File "/home/pi/JONBOT/JONBOT/main.py", line 43, in <module>
    raise ValueError("Missing enviroment variable: " + env_string)
ValueError: Missing enviroment variable: TENOR_API
Starting JONBOT...
Traceback (most recent call last):
  File "/home/pi/JONBOT/JONBOT/main.py", line 43, in <module>
    raise ValueError("Missing enviroment variable: " + env_string)
ValueError: Missing enviroment variable: TENOR_API
Starting JONBOT...
Traceback (most recent call last):
  File "/home/pi/JONBOT/JONBOT/main.py", line 43, in <module>
    raise ValueError("Missing enviroment variable: " + env_string)
ValueError: Missing enviroment variable: TENOR_API
Starting JONBOT...
Traceback (most recent call last):
  File "/home/pi/JONBOT/JONBOT/main.py", line 43, in <module>
    raise ValueError("Missing enviroment variable: " + env_string)
ValueError: Missing enviroment variable: TENOR_API
Starting JONBOT...
Traceback (most recent call last):
  File "/home/pi/JONBOT/JONBOT/main.py", line 43, in <module>
    raise ValueError("Missing enviroment variable: " + env_string)
ValueError: Missing enviroment variable: TENOR_API
Starting JONBOT...
Traceback (most recent call last):
  File "/home/pi/JONBOT/JONBOT/main.py", line 43, in <module>
    raise ValueError("Missing enviroment variable: " + env_string)
ValueError: Missing enviroment variable: TENOR_API
Starting JONBOT...
Traceback (most recent call last):
  File "/home/pi/JONBOT/JONBOT/main.py", line 43, in <module>
    raise ValueError("Missing enviroment variable: " + env_string)
ValueError: Missing enviroment variable: TENOR_API
Starting JONBOT...
Traceback (most recent call last):
  File "/home/pi/JONBOT/JONBOT/main.py", line 43, in <module>
    raise ValueError("Missing enviroment variable: " + env_string)
ValueError: Missing enviroment variable: TENOR_API
Starting JONBOT...
Traceback (most recent call last):
  File "/home/pi/JONBOT/JONBOT/main.py", line 43, in <module>
    raise ValueError("Missing enviroment variable: " + env_string)
ValueError: Missing enviroment variable: TENOR_API
Starting JONBOT...
Traceback (most recent call last):
  File "/home/pi/JONBOT/JONBOT/main.py", line 43, in <module>
    raise ValueError("Missing enviroment variable: " + env_string)
ValueError: Missing enviroment variable: TENOR_API
Starting JONBOT...
Traceback (most recent call last):
  File "/home/pi/JONBOT/JONBOT/main.py", line 43, in <module>
    raise ValueError("Missing enviroment variable: " + env_string)
ValueError: Missing enviroment variable: TENOR_API
Starting JONBOT...
Traceback (most recent call last):
  File "/home/pi/JONBOT/JONBOT/main.py", line 43, in <module>
    raise ValueError("Missing enviroment variable: " + env_string)
ValueError: Missing enviroment variable: TENOR_API
Starting JONBOT...
Traceback (most recent call last):
  File "/home/pi/JONBOT/JONBOT/main.py", line 43, in <module>
    raise ValueError("Missing enviroment variable: " + env_string)
ValueError: Missing enviroment variable: TENOR_API
Starting JONBOT...
Traceback (most recent call last):
  File "/home/pi/JONBOT/JONBOT/main.py", line 43, in <module>
    raise ValueError("Missing enviroment variable: " + env_string)
ValueError: Missing enviroment variable: TENOR_API
Starting JONBOT...
Traceback (most recent call last):
  File "/home/pi/JONBOT/JONBOT/main.py", line 43, in <module>
    raise ValueError("Missing enviroment variable: " + env_string)
ValueError: Missing enviroment variable: TENOR_API
Starting JONBOT...
Traceback (most recent call last):
  File "/home/pi/JONBOT/JONBOT/main.py", line 43, in <module>
    raise ValueError("Missing enviroment variable: " + env_string)
ValueError: Missing enviroment variable: TENOR_API
Starting JONBOT...
Traceback (most recent call last):
  File "/home/pi/JONBOT/JONBOT/main.py", line 43, in <module>
    raise ValueError("Missing enviroment variable: " + env_string)
ValueError: Missing enviroment variable: TENOR_API
Starting JONBOT...
Traceback (most recent call last):
  File "/home/pi/JONBOT/JONBOT/main.py", line 43, in <module>
    raise ValueError("Missing enviroment variable: " + env_string)
ValueError: Missing enviroment variable: TENOR_API
Starting JONBOT...
Traceback (most recent call last):
  File "/home/pi/JONBOT/JONBOT/main.py", line 43, in <module>
    raise ValueError("Missing enviroment variable: " + env_string)
ValueError: Missing enviroment variable: TENOR_API
Starting JONBOT...
Traceback (most recent call last):
  File "/home/pi/JONBOT/JONBOT/main.py", line 43, in <module>
    raise ValueError("Missing enviroment variable: " + env_string)
ValueError: Missing enviroment variable: TENOR_API
Starting JONBOT...
Traceback (most recent call last):
  File "/home/pi/JONBOT/JONBOT/main.py", line 43, in <module>
    raise ValueError("Missing enviroment variable: " + env_string)
ValueError: Missing enviroment variable: TENOR_API
Starting JONBOT...
Traceback (most recent call last):
  File "/home/pi/JONBOT/JONBOT/main.py", line 43, in <module>
    raise ValueError("Missing enviroment variable: " + env_string)
ValueError: Missing enviroment variable: TENOR_API
Starting JONBOT...
Traceback (most recent call last):
  File "/home/pi/JONBOT/JONBOT/main.py", line 43, in <module>
    raise ValueError("Missing enviroment variable: " + env_string)
ValueError: Missing enviroment variable: TENOR_API
Starting JONBOT...
Traceback (most recent call last):
  File "/home/pi/JONBOT/JONBOT/main.py", line 43, in <module>
    raise ValueError("Missing enviroment variable: " + env_string)
ValueError: Missing enviroment variable: TENOR_API
Starting JONBOT...
Traceback (most recent call last):
  File "/home/pi/JONBOT/JONBOT/main.py", line 43, in <module>
    raise ValueError("Missing enviroment variable: " + env_string)
ValueError: Missing enviroment variable: TENOR_API
Starting JONBOT...
Traceback (most recent call last):
  File "/home/pi/JONBOT/JONBOT/main.py", line 43, in <module>
    raise ValueError("Missing enviroment variable: " + env_string)
ValueError: Missing enviroment variable: TENOR_API
Starting JONBOT...
Traceback (most recent call last):
  File "/home/pi/JONBOT/JONBOT/main.py", line 43, in <module>
    raise ValueError("Missing enviroment variable: " + env_string)
ValueError: Missing enviroment variable: TENOR_API
Starting JONBOT...
Traceback (most recent call last):
  File "/home/pi/JONBOT/JONBOT/main.py", line 43, in <module>
    raise ValueError("Missing enviroment variable: " + env_string)
ValueError: Missing enviroment variable: TENOR_API
Starting JONBOT...
Traceback (most recent call last):
  File "/home/pi/JONBOT/JONBOT/main.py", line 43, in <module>
    raise ValueError("Missing enviroment variable: " + env_string)
ValueError: Missing enviroment variable: TENOR_API
Starting JONBOT...
Traceback (most recent call last):
  File "/home/pi/JONBOT/JONBOT/main.py", line 43, in <module>
    raise ValueError("Missing enviroment variable: " + env_string)
ValueError: Missing enviroment variable: TENOR_API
Starting JONBOT...
Traceback (most recent call last):
  File "/home/pi/JONBOT/JONBOT/main.py", line 43, in <module>
    raise ValueError("Missing enviroment variable: " + env_string)
ValueError: Missing enviroment variable: TENOR_API
Starting JONBOT...
Traceback (most recent call last):
  File "/home/pi/JONBOT/JONBOT/main.py", line 43, in <module>
    raise ValueError("Missing enviroment variable: " + env_string)
ValueError: Missing enviroment variable: TENOR_API
Starting JONBOT...
Traceback (most recent call last):
  File "/home/pi/JONBOT/JONBOT/main.py", line 43, in <module>
    raise ValueError("Missing enviroment variable: " + env_string)
ValueError: Missing enviroment variable: TENOR_API
Starting JONBOT...
Traceback (most recent call last):
  File "/home/pi/JONBOT/JONBOT/main.py", line 43, in <module>
    raise ValueError("Missing enviroment variable: " + env_string)
ValueError: Missing enviroment variable: TENOR_API
Starting JONBOT...
Traceback (most recent call last):
  File "/home/pi/JONBOT/JONBOT/main.py", line 43, in <module>
    raise ValueError("Missing enviroment variable: " + env_string)
ValueError: Missing enviroment variable: TENOR_API
Starting JONBOT...
Traceback (most recent call last):
  File "/home/pi/JONBOT/JONBOT/main.py", line 43, in <module>
    raise ValueError("Missing enviroment variable: " + env_string)
ValueError: Missing enviroment variable: TENOR_API
Starting JONBOT...
Traceback (most recent call last):
  File "/home/pi/JONBOT/JONBOT/main.py", line 43, in <module>
    raise ValueError("Missing enviroment variable: " + env_string)
ValueError: Missing enviroment variable: TENOR_API
Starting JONBOT...
Traceback (most recent call last):
  File "/home/pi/JONBOT/JONBOT/main.py", line 43, in <module>
    raise ValueError("Missing enviroment variable: " + env_string)
ValueError: Missing enviroment variable: TENOR_API
Starting JONBOT...
Traceback (most recent call last):
  File "/home/pi/JONBOT/JONBOT/main.py", line 43, in <module>
    raise ValueError("Missing enviroment variable: " + env_string)
ValueError: Missing enviroment variable: TENOR_API
Starting JONBOT...
Traceback (most recent call last):
  File "/home/pi/JONBOT/JONBOT/main.py", line 43, in <module>
    raise ValueError("Missing enviroment variable: " + env_string)
ValueError: Missing enviroment variable: TENOR_API
Starting JONBOT...
Traceback (most recent call last):
  File "/home/pi/JONBOT/JONBOT/main.py", line 43, in <module>
    raise ValueError("Missing enviroment variable: " + env_string)
ValueError: Missing enviroment variable: TENOR_API
Starting JONBOT...
Traceback (most recent call last):
  File "/home/pi/JONBOT/JONBOT/main.py", line 43, in <module>
    raise ValueError("Missing enviroment variable: " + env_string)
ValueError: Missing enviroment variable: TENOR_API
Starting JONBOT...
Traceback (most recent call last):
  File "/home/pi/JONBOT/JONBOT/main.py", line 43, in <module>
    raise ValueError("Missing enviroment variable: " + env_string)
ValueError: Missing enviroment variable: TENOR_API
Starting JONBOT...
Traceback (most recent call last):
  File "/home/pi/JONBOT/JONBOT/main.py", line 43, in <module>
    raise ValueError("Missing enviroment variable: " + env_string)
ValueError: Missing enviroment variable: TENOR_API
Starting JONBOT...
Traceback (most recent call last):
  File "/home/pi/JONBOT/JONBOT/main.py", line 43, in <module>
    raise ValueError("Missing enviroment variable: " + env_string)
ValueError: Missing enviroment variable: TENOR_API
Starting JONBOT...
Traceback (most recent call last):
  File "/home/pi/JONBOT/JONBOT/main.py", line 43, in <module>
    raise ValueError("Missing enviroment variable: " + env_string)
ValueError: Missing enviroment variable: TENOR_API
Starting JONBOT...
Traceback (most recent call last):
  File "/home/pi/JONBOT/JONBOT/main.py", line 43, in <module>
    raise ValueError("Missing enviroment variable: " + env_string)
ValueError: Missing enviroment variable: TENOR_API
Starting JONBOT...
Traceback (most recent call last):
  File "/home/pi/JONBOT/JONBOT/main.py", line 43, in <module>
    raise ValueError("Missing enviroment variable: " + env_string)
ValueError: Missing enviroment variable: TENOR_API
Starting JONBOT...
Traceback (most recent call last):
  File "/home/pi/JONBOT/JONBOT/main.py", line 43, in <module>
    raise ValueError("Missing enviroment variable: " + env_string)
ValueError: Missing enviroment variable: TENOR_API
Starting JONBOT...
Traceback (most recent call last):
  File "/home/pi/JONBOT/JONBOT/main.py", line 43, in <module>
    raise ValueError("Missing enviroment variable: " + env_string)
ValueError: Missing enviroment variable: TENOR_API
Starting JONBOT...
Traceback (most recent call last):
  File "/home/pi/JONBOT/JONBOT/main.py", line 43, in <module>
    raise ValueError("Missing enviroment variable: " + env_string)
ValueError: Missing enviroment variable: TENOR_API
Starting JONBOT...
Traceback (most recent call last):
  File "/home/pi/JONBOT/JONBOT/main.py", line 43, in <module>
    raise ValueError("Missing enviroment variable: " + env_string)
ValueError: Missing enviroment variable: TENOR_API
Starting JONBOT...
Traceback (most recent call last):
  File "/home/pi/JONBOT/JONBOT/main.py", line 43, in <module>
    raise ValueError("Missing enviroment variable: " + env_string)
ValueError: Missing enviroment variable: TENOR_API
Starting JONBOT...
Traceback (most recent call last):
  File "/home/pi/JONBOT/JONBOT/main.py", line 43, in <module>
    raise ValueError("Missing enviroment variable: " + env_string)
ValueError: Missing enviroment variable: TENOR_API
Starting JONBOT...
Traceback (most recent call last):
  File "/home/pi/JONBOT/JONBOT/main.py", line 43, in <module>
    raise ValueError("Missing enviroment variable: " + env_string)
ValueError: Missing enviroment variable: TENOR_API
Starting JONBOT...
Traceback (most recent call last):
  File "/home/pi/JONBOT/JONBOT/main.py", line 43, in <module>
    raise ValueError("Missing enviroment variable: " + env_string)
ValueError: Missing enviroment variable: TENOR_API
Starting JONBOT...
Traceback (most recent call last):
  File "/home/pi/JONBOT/JONBOT/main.py", line 43, in <module>
    raise ValueError("Missing enviroment variable: " + env_string)
ValueError: Missing enviroment variable: TENOR_API
Starting JONBOT...
Traceback (most recent call last):
  File "/home/pi/JONBOT/JONBOT/main.py", line 43, in <module>
    raise ValueError("Missing enviroment variable: " + env_string)
ValueError: Missing enviroment variable: TENOR_API
Starting JONBOT...
Traceback (most recent call last):
  File "/home/pi/JONBOT/JONBOT/main.py", line 43, in <module>
    raise ValueError("Missing enviroment variable: " + env_string)
ValueError: Missing enviroment variable: TENOR_API
Starting JONBOT...
Traceback (most recent call last):
  File "/home/pi/JONBOT/JONBOT/main.py", line 43, in <module>
    raise ValueError("Missing enviroment variable: " + env_string)
ValueError: Missing enviroment variable: TENOR_API
Starting JONBOT...
Traceback (most recent call last):
  File "/home/pi/JONBOT/JONBOT/main.py", line 43, in <module>
    raise ValueError("Missing enviroment variable: " + env_string)
ValueError: Missing enviroment variable: TENOR_API
Starting JONBOT...
Traceback (most recent call last):
  File "/home/pi/JONBOT/JONBOT/main.py", line 43, in <module>
    raise ValueError("Missing enviroment variable: " + env_string)
ValueError: Missing enviroment variable: TENOR_API
Starting JONBOT...
Traceback (most recent call last):
  File "/home/pi/JONBOT/JONBOT/main.py", line 43, in <module>
    raise ValueError("Missing enviroment variable: " + env_string)
ValueError: Missing enviroment variable: TENOR_API
Starting JONBOT...
Traceback (most recent call last):
  File "/home/pi/JONBOT/JONBOT/main.py", line 43, in <module>
    raise ValueError("Missing enviroment variable: " + env_string)
ValueError: Missing enviroment variable: TENOR_API
Starting JONBOT...
Traceback (most recent call last):
  File "/home/pi/JONBOT/JONBOT/main.py", line 43, in <module>
    raise ValueError("Missing enviroment variable: " + env_string)
ValueError: Missing enviroment variable: TENOR_API
Starting JONBOT...
Traceback (most recent call last):
  File "/home/pi/JONBOT/JONBOT/main.py", line 43, in <module>
    raise ValueError("Missing enviroment variable: " + env_string)
ValueError: Missing enviroment variable: TENOR_API
Starting JONBOT...
Traceback (most recent call last):
  File "/home/pi/JONBOT/JONBOT/main.py", line 43, in <module>
    raise ValueError("Missing enviroment variable: " + env_string)
ValueError: Missing enviroment variable: TENOR_API
Starting JONBOT...
Traceback (most recent call last):
  File "/home/pi/JONBOT/JONBOT/main.py", line 43, in <module>
    raise ValueError("Missing enviroment variable: " + env_string)
ValueError: Missing enviroment variable: TENOR_API
Starting JONBOT...
Traceback (most recent call last):
  File "/home/pi/JONBOT/JONBOT/main.py", line 43, in <module>
    raise ValueError("Missing enviroment variable: " + env_string)
ValueError: Missing enviroment variable: TENOR_API
Starting JONBOT...
Traceback (most recent call last):
  File "/home/pi/JONBOT/JONBOT/main.py", line 43, in <module>
    raise ValueError("Missing enviroment variable: " + env_string)
ValueError: Missing enviroment variable: TENOR_API
Starting JONBOT...
Traceback (most recent call last):
  File "/home/pi/JONBOT/JONBOT/main.py", line 43, in <module>
    raise ValueError("Missing enviroment variable: " + env_string)
ValueError: Missing enviroment variable: TENOR_API
Starting JONBOT...
Traceback (most recent call last):
  File "/home/pi/JONBOT/JONBOT/main.py", line 43, in <module>
    raise ValueError("Missing enviroment variable: " + env_string)
ValueError: Missing enviroment variable: TENOR_API
Starting JONBOT...
Traceback (most recent call last):
  File "/home/pi/JONBOT/JONBOT/main.py", line 43, in <module>
    raise ValueError("Missing enviroment variable: " + env_string)
ValueError: Missing enviroment variable: TENOR_API
Starting JONBOT...
Traceback (most recent call last):
  File "/home/pi/JONBOT/JONBOT/main.py", line 43, in <module>
    raise ValueError("Missing enviroment variable: " + env_string)
ValueError: Missing enviroment variable: TENOR_API
Starting JONBOT...
Traceback (most recent call last):
  File "/home/pi/JONBOT/JONBOT/main.py", line 43, in <module>
    raise ValueError("Missing enviroment variable: " + env_string)
ValueError: Missing enviroment variable: TENOR_API
Starting JONBOT...
Traceback (most recent call last):
  File "/home/pi/JONBOT/JONBOT/main.py", line 43, in <module>
    raise ValueError("Missing enviroment variable: " + env_string)
ValueError: Missing enviroment variable: TENOR_API
Starting JONBOT...
Traceback (most recent call last):
  File "/home/pi/JONBOT/JONBOT/main.py", line 43, in <module>
    raise ValueError("Missing enviroment variable: " + env_string)
ValueError: Missing enviroment variable: TENOR_API
Starting JONBOT...
Traceback (most recent call last):
  File "/home/pi/JONBOT/JONBOT/main.py", line 43, in <module>
    raise ValueError("Missing enviroment variable: " + env_string)
ValueError: Missing enviroment variable: TENOR_API
Starting JONBOT...
Traceback (most recent call last):
  File "/home/pi/JONBOT/JONBOT/main.py", line 43, in <module>
    raise ValueError("Missing enviroment variable: " + env_string)
ValueError: Missing enviroment variable: TENOR_API
Starting JONBOT...
Traceback (most recent call last):
  File "/home/pi/JONBOT/JONBOT/main.py", line 43, in <module>
    raise ValueError("Missing enviroment variable: " + env_string)
ValueError: Missing enviroment variable: TENOR_API
Starting JONBOT...
Traceback (most recent call last):
  File "/home/pi/JONBOT/JONBOT/main.py", line 43, in <module>
    raise ValueError("Missing enviroment variable: " + env_string)
ValueError: Missing enviroment variable: TENOR_API
Starting JONBOT...
Traceback (most recent call last):
  File "/home/pi/JONBOT/JONBOT/main.py", line 43, in <module>
    raise ValueError("Missing enviroment variable: " + env_string)
ValueError: Missing enviroment variable: TENOR_API
Starting JONBOT...
Traceback (most recent call last):
  File "/home/pi/JONBOT/JONBOT/main.py", line 43, in <module>
    raise ValueError("Missing enviroment variable: " + env_string)
ValueError: Missing enviroment variable: TENOR_API
Starting JONBOT...
Traceback (most recent call last):
  File "/home/pi/JONBOT/JONBOT/main.py", line 43, in <module>
    raise ValueError("Missing enviroment variable: " + env_string)
ValueError: Missing enviroment variable: TENOR_API
Starting JONBOT...
Traceback (most recent call last):
  File "/home/pi/JONBOT/JONBOT/main.py", line 43, in <module>
    raise ValueError("Missing enviroment variable: " + env_string)
ValueError: Missing enviroment variable: TENOR_API
Starting JONBOT...
Traceback (most recent call last):
  File "/home/pi/JONBOT/JONBOT/main.py", line 43, in <module>
    raise ValueError("Missing enviroment variable: " + env_string)
ValueError: Missing enviroment variable: TENOR_API
Starting JONBOT...
Traceback (most recent call last):
  File "/home/pi/JONBOT/JONBOT/main.py", line 43, in <module>
    raise ValueError("Missing enviroment variable: " + env_string)
ValueError: Missing enviroment variable: TENOR_API
Starting JONBOT...
Traceback (most recent call last):
  File "/home/pi/JONBOT/JONBOT/main.py", line 43, in <module>
    raise ValueError("Missing enviroment variable: " + env_string)
ValueError: Missing enviroment variable: TENOR_API
Starting JONBOT...
Traceback (most recent call last):
  File "/home/pi/JONBOT/JONBOT/main.py", line 43, in <module>
    raise ValueError("Missing enviroment variable: " + env_string)
ValueError: Missing enviroment variable: TENOR_API
Starting JONBOT...
Traceback (most recent call last):
  File "/home/pi/JONBOT/JONBOT/main.py", line 43, in <module>
    raise ValueError("Missing enviroment variable: " + env_string)
ValueError: Missing enviroment variable: TENOR_API
Starting JONBOT...
Traceback (most recent call last):
  File "/home/pi/JONBOT/JONBOT/main.py", line 43, in <module>
    raise ValueError("Missing enviroment variable: " + env_string)
ValueError: Missing enviroment variable: TENOR_API
Starting JONBOT...
Traceback (most recent call last):
  File "/home/pi/JONBOT/JONBOT/main.py", line 43, in <module>
    raise ValueError("Missing enviroment variable: " + env_string)
ValueError: Missing enviroment variable: TENOR_API
Starting JONBOT...
Traceback (most recent call last):
  File "/home/pi/JONBOT/JONBOT/main.py", line 43, in <module>
    raise ValueError("Missing enviroment variable: " + env_string)
ValueError: Missing enviroment variable: TENOR_API
Starting JONBOT...
Traceback (most recent call last):
  File "/home/pi/JONBOT/JONBOT/main.py", line 43, in <module>
    raise ValueError("Missing enviroment variable: " + env_string)
ValueError: Missing enviroment variable: TENOR_API
Starting JONBOT...
Traceback (most recent call last):
  File "/home/pi/JONBOT/JONBOT/main.py", line 43, in <module>
    raise ValueError("Missing enviroment variable: " + env_string)
ValueError: Missing enviroment variable: TENOR_API
Starting JONBOT...
Traceback (most recent call last):
  File "/home/pi/JONBOT/JONBOT/main.py", line 43, in <module>
    raise ValueError("Missing enviroment variable: " + env_string)
ValueError: Missing enviroment variable: TENOR_API
Starting JONBOT...
Traceback (most recent call last):
  File "/home/pi/JONBOT/JONBOT/main.py", line 43, in <module>
    raise ValueError("Missing enviroment variable: " + env_string)
ValueError: Missing enviroment variable: TENOR_API
Starting JONBOT...
Traceback (most recent call last):
  File "/home/pi/JONBOT/JONBOT/main.py", line 43, in <module>
    raise ValueError("Missing enviroment variable: " + env_string)
ValueError: Missing enviroment variable: TENOR_API
Starting JONBOT...
Traceback (most recent call last):
  File "/home/pi/JONBOT/JONBOT/main.py", line 43, in <module>
    raise ValueError("Missing enviroment variable: " + env_string)
ValueError: Missing enviroment variable: TENOR_API
Starting JONBOT...
Traceback (most recent call last):
  File "/home/pi/JONBOT/JONBOT/main.py", line 43, in <module>
    raise ValueError("Missing enviroment variable: " + env_string)
ValueError: Missing enviroment variable: TENOR_API
Starting JONBOT...
Traceback (most recent call last):
  File "/home/pi/JONBOT/JONBOT/main.py", line 43, in <module>
    raise ValueError("Missing enviroment variable: " + env_string)
ValueError: Missing enviroment variable: TENOR_API
Starting JONBOT...
Traceback (most recent call last):
  File "/home/pi/JONBOT/JONBOT/main.py", line 43, in <module>
    raise ValueError("Missing enviroment variable: " + env_string)
ValueError: Missing enviroment variable: TENOR_API
Starting JONBOT...
Traceback (most recent call last):
  File "/home/pi/JONBOT/JONBOT/main.py", line 43, in <module>
    raise ValueError("Missing enviroment variable: " + env_string)
ValueError: Missing enviroment variable: TENOR_API
Starting JONBOT...
Traceback (most recent call last):
  File "/home/pi/JONBOT/JONBOT/main.py", line 43, in <module>
    raise ValueError("Missing enviroment variable: " + env_string)
ValueError: Missing enviroment variable: TENOR_API
Starting JONBOT...
Traceback (most recent call last):
  File "/home/pi/JONBOT/JONBOT/main.py", line 43, in <module>
    raise ValueError("Missing enviroment variable: " + env_string)
ValueError: Missing enviroment variable: TENOR_API
Starting JONBOT...
Traceback (most recent call last):
  File "/home/pi/JONBOT/JONBOT/main.py", line 43, in <module>
    raise ValueError("Missing enviroment variable: " + env_string)
ValueError: Missing enviroment variable: TENOR_API
Starting JONBOT...
Traceback (most recent call last):
  File "/home/pi/JONBOT/JONBOT/main.py", line 43, in <module>
    raise ValueError("Missing enviroment variable: " + env_string)
ValueError: Missing enviroment variable: TENOR_API
Starting JONBOT...
Traceback (most recent call last):
  File "/home/pi/JONBOT/JONBOT/main.py", line 43, in <module>
    raise ValueError("Missing enviroment variable: " + env_string)
ValueError: Missing enviroment variable: TENOR_API
Starting JONBOT...
Traceback (most recent call last):
  File "/home/pi/JONBOT/JONBOT/main.py", line 43, in <module>
    raise ValueError("Missing enviroment variable: " + env_string)
ValueError: Missing enviroment variable: TENOR_API
Starting JONBOT...
Traceback (most recent call last):
  File "/home/pi/JONBOT/JONBOT/main.py", line 43, in <module>
    raise ValueError("Missing enviroment variable: " + env_string)
ValueError: Missing enviroment variable: TENOR_API
Starting JONBOT...
Traceback (most recent call last):
  File "/home/pi/JONBOT/JONBOT/main.py", line 43, in <module>
    raise ValueError("Missing enviroment variable: " + env_string)
ValueError: Missing enviroment variable: TENOR_API
Starting JONBOT...
Traceback (most recent call last):
  File "/home/pi/JONBOT/JONBOT/main.py", line 43, in <module>
    raise ValueError("Missing enviroment variable: " + env_string)
ValueError: Missing enviroment variable: TENOR_API
Starting JONBOT...
Traceback (most recent call last):
  File "/home/pi/JONBOT/JONBOT/main.py", line 43, in <module>
    raise ValueError("Missing enviroment variable: " + env_string)
ValueError: Missing enviroment variable: TENOR_API
Starting JONBOT...
Traceback (most recent call last):
  File "/home/pi/JONBOT/JONBOT/main.py", line 43, in <module>
    raise ValueError("Missing enviroment variable: " + env_string)
ValueError: Missing enviroment variable: TENOR_API
Starting JONBOT...
Traceback (most recent call last):
  File "/home/pi/JONBOT/JONBOT/main.py", line 43, in <module>
    raise ValueError("Missing enviroment variable: " + env_string)
ValueError: Missing enviroment variable: TENOR_API
Starting JONBOT...
Traceback (most recent call last):
  File "/home/pi/JONBOT/JONBOT/main.py", line 43, in <module>
    raise ValueError("Missing enviroment variable: " + env_string)
ValueError: Missing enviroment variable: TENOR_API
Starting JONBOT...
Traceback (most recent call last):
  File "/home/pi/JONBOT/JONBOT/main.py", line 43, in <module>
    raise ValueError("Missing enviroment variable: " + env_string)
ValueError: Missing enviroment variable: TENOR_API
Starting JONBOT...
Traceback (most recent call last):
  File "/home/pi/JONBOT/JONBOT/main.py", line 43, in <module>
    raise ValueError("Missing enviroment variable: " + env_string)
ValueError: Missing enviroment variable: TENOR_API
Starting JONBOT...
Traceback (most recent call last):
  File "/home/pi/JONBOT/JONBOT/main.py", line 43, in <module>
    raise ValueError("Missing enviroment variable: " + env_string)
ValueError: Missing enviroment variable: TENOR_API
Starting JONBOT...
Traceback (most recent call last):
  File "/home/pi/JONBOT/JONBOT/main.py", line 43, in <module>
    raise ValueError("Missing enviroment variable: " + env_string)
ValueError: Missing enviroment variable: TENOR_API
Starting JONBOT...
Traceback (most recent call last):
  File "/home/pi/JONBOT/JONBOT/main.py", line 43, in <module>
    raise ValueError("Missing enviroment variable: " + env_string)
ValueError: Missing enviroment variable: TENOR_API
Starting JONBOT...
Traceback (most recent call last):
  File "/home/pi/JONBOT/JONBOT/main.py", line 43, in <module>
    raise ValueError("Missing enviroment variable: " + env_string)
ValueError: Missing enviroment variable: TENOR_API
Starting JONBOT...
Traceback (most recent call last):
  File "/home/pi/JONBOT/JONBOT/main.py", line 43, in <module>
    raise ValueError("Missing enviroment variable: " + env_string)
ValueError: Missing enviroment variable: TENOR_API
Starting JONBOT...
Traceback (most recent call last):
  File "/home/pi/JONBOT/JONBOT/main.py", line 43, in <module>
    raise ValueError("Missing enviroment variable: " + env_string)
ValueError: Missing enviroment variable: TENOR_API
Starting JONBOT...
Traceback (most recent call last):
  File "/home/pi/JONBOT/JONBOT/main.py", line 43, in <module>
    raise ValueError("Missing enviroment variable: " + env_string)
ValueError: Missing enviroment variable: TENOR_API
Starting JONBOT...
Traceback (most recent call last):
  File "/home/pi/JONBOT/JONBOT/main.py", line 43, in <module>
    raise ValueError("Missing enviroment variable: " + env_string)
ValueError: Missing enviroment variable: TENOR_API
Starting JONBOT...
Traceback (most recent call last):
  File "/home/pi/JONBOT/JONBOT/main.py", line 43, in <module>
    raise ValueError("Missing enviroment variable: " + env_string)
ValueError: Missing enviroment variable: TENOR_API
Starting JONBOT...
Traceback (most recent call last):
  File "/home/pi/JONBOT/JONBOT/main.py", line 43, in <module>
    raise ValueError("Missing enviroment variable: " + env_string)
ValueError: Missing enviroment variable: TENOR_API
Starting JONBOT...
Traceback (most recent call last):
  File "/home/pi/JONBOT/JONBOT/main.py", line 43, in <module>
    raise ValueError("Missing enviroment variable: " + env_string)
ValueError: Missing enviroment variable: TENOR_API
Starting JONBOT...
Traceback (most recent call last):
  File "/home/pi/JONBOT/JONBOT/main.py", line 43, in <module>
    raise ValueError("Missing enviroment variable: " + env_string)
ValueError: Missing enviroment variable: TENOR_API
Starting JONBOT...
Traceback (most recent call last):
  File "/home/pi/JONBOT/JONBOT/main.py", line 43, in <module>
    raise ValueError("Missing enviroment variable: " + env_string)
ValueError: Missing enviroment variable: TENOR_API
Starting JONBOT...
Traceback (most recent call last):
  File "/home/pi/JONBOT/JONBOT/main.py", line 43, in <module>
    raise ValueError("Missing enviroment variable: " + env_string)
ValueError: Missing enviroment variable: TENOR_API
Starting JONBOT...
Traceback (most recent call last):
  File "/home/pi/JONBOT/JONBOT/main.py", line 43, in <module>
    raise ValueError("Missing enviroment variable: " + env_string)
ValueError: Missing enviroment variable: TENOR_API
Starting JONBOT...
Traceback (most recent call last):
  File "/home/pi/JONBOT/JONBOT/main.py", line 43, in <module>
    raise ValueError("Missing enviroment variable: " + env_string)
ValueError: Missing enviroment variable: TENOR_API
Starting JONBOT...
Traceback (most recent call last):
  File "/home/pi/JONBOT/JONBOT/main.py", line 43, in <module>
    raise ValueError("Missing enviroment variable: " + env_string)
ValueError: Missing enviroment variable: TENOR_API
Starting JONBOT...
Traceback (most recent call last):
  File "/home/pi/JONBOT/JONBOT/main.py", line 43, in <module>
    raise ValueError("Missing enviroment variable: " + env_string)
ValueError: Missing enviroment variable: TENOR_API
Starting JONBOT...
Traceback (most recent call last):
  File "/home/pi/JONBOT/JONBOT/main.py", line 43, in <module>
    raise ValueError("Missing enviroment variable: " + env_string)
ValueError: Missing enviroment variable: TENOR_API
Starting JONBOT...
Traceback (most recent call last):
  File "/home/pi/JONBOT/JONBOT/main.py", line 43, in <module>
    raise ValueError("Missing enviroment variable: " + env_string)
ValueError: Missing enviroment variable: TENOR_API
Starting JONBOT...
Traceback (most recent call last):
  File "/home/pi/JONBOT/JONBOT/main.py", line 43, in <module>
    raise ValueError("Missing enviroment variable: " + env_string)
ValueError: Missing enviroment variable: TENOR_API
Starting JONBOT...
Traceback (most recent call last):
  File "/home/pi/JONBOT/JONBOT/main.py", line 43, in <module>
    raise ValueError("Missing enviroment variable: " + env_string)
ValueError: Missing enviroment variable: TENOR_API
Starting JONBOT...
Traceback (most recent call last):
  File "/home/pi/JONBOT/JONBOT/main.py", line 43, in <module>
    raise ValueError("Missing enviroment variable: " + env_string)
ValueError: Missing enviroment variable: TENOR_API
Starting JONBOT...
Traceback (most recent call last):
  File "/home/pi/JONBOT/JONBOT/main.py", line 43, in <module>
    raise ValueError("Missing enviroment variable: " + env_string)
ValueError: Missing enviroment variable: TENOR_API
Starting JONBOT...
Traceback (most recent call last):
  File "/home/pi/JONBOT/JONBOT/main.py", line 43, in <module>
    raise ValueError("Missing enviroment variable: " + env_string)
ValueError: Missing enviroment variable: TENOR_API
Starting JONBOT...
Traceback (most recent call last):
  File "/home/pi/JONBOT/JONBOT/main.py", line 43, in <module>
    raise ValueError("Missing enviroment variable: " + env_string)
ValueError: Missing enviroment variable: TENOR_API
Starting JONBOT...
Traceback (most recent call last):
  File "/home/pi/JONBOT/JONBOT/main.py", line 43, in <module>
    raise ValueError("Missing enviroment variable: " + env_string)
ValueError: Missing enviroment variable: TENOR_API
Starting JONBOT...
Traceback (most recent call last):
  File "/home/pi/JONBOT/JONBOT/main.py", line 43, in <module>
    raise ValueError("Missing enviroment variable: " + env_string)
ValueError: Missing enviroment variable: TENOR_API
Starting JONBOT...
Traceback (most recent call last):
  File "/home/pi/JONBOT/JONBOT/main.py", line 43, in <module>
    raise ValueError("Missing enviroment variable: " + env_string)
ValueError: Missing enviroment variable: TENOR_API
Starting JONBOT...
Traceback (most recent call last):
  File "/home/pi/JONBOT/JONBOT/main.py", line 43, in <module>
    raise ValueError("Missing enviroment variable: " + env_string)
ValueError: Missing enviroment variable: TENOR_API
Starting JONBOT...
Traceback (most recent call last):
  File "/home/pi/JONBOT/JONBOT/main.py", line 43, in <module>
    raise ValueError("Missing enviroment variable: " + env_string)
ValueError: Missing enviroment variable: TENOR_API
Starting JONBOT...
Traceback (most recent call last):
  File "/home/pi/JONBOT/JONBOT/main.py", line 43, in <module>
    raise ValueError("Missing enviroment variable: " + env_string)
ValueError: Missing enviroment variable: TENOR_API
Starting JONBOT...
Traceback (most recent call last):
  File "/home/pi/JONBOT/JONBOT/main.py", line 43, in <module>
    raise ValueError("Missing enviroment variable: " + env_string)
ValueError: Missing enviroment variable: TENOR_API
Starting JONBOT...
Traceback (most recent call last):
  File "/home/pi/JONBOT/JONBOT/main.py", line 43, in <module>
    raise ValueError("Missing enviroment variable: " + env_string)
ValueError: Missing enviroment variable: TENOR_API
Starting JONBOT...
Traceback (most recent call last):
  File "/home/pi/JONBOT/JONBOT/main.py", line 43, in <module>
    raise ValueError("Missing enviroment variable: " + env_string)
ValueError: Missing enviroment variable: TENOR_API
Starting JONBOT...
Traceback (most recent call last):
  File "/home/pi/JONBOT/JONBOT/main.py", line 43, in <module>
    raise ValueError("Missing enviroment variable: " + env_string)
ValueError: Missing enviroment variable: TENOR_API
Starting JONBOT...
Traceback (most recent call last):
  File "/home/pi/JONBOT/JONBOT/main.py", line 43, in <module>
    raise ValueError("Missing enviroment variable: " + env_string)
ValueError: Missing enviroment variable: TENOR_API
Starting JONBOT...
Traceback (most recent call last):
  File "/home/pi/JONBOT/JONBOT/main.py", line 43, in <module>
    raise ValueError("Missing enviroment variable: " + env_string)
ValueError: Missing enviroment variable: TENOR_API
Starting JONBOT...
Traceback (most recent call last):
  File "/home/pi/JONBOT/JONBOT/main.py", line 43, in <module>
    raise ValueError("Missing enviroment variable: " + env_string)
ValueError: Missing enviroment variable: TENOR_API
Starting JONBOT...
Traceback (most recent call last):
  File "/home/pi/JONBOT/JONBOT/main.py", line 43, in <module>
    raise ValueError("Missing enviroment variable: " + env_string)
ValueError: Missing enviroment variable: TENOR_API
Starting JONBOT...
Traceback (most recent call last):
  File "/home/pi/JONBOT/JONBOT/main.py", line 43, in <module>
    raise ValueError("Missing enviroment variable: " + env_string)
ValueError: Missing enviroment variable: TENOR_API
Starting JONBOT...
Traceback (most recent call last):
  File "/home/pi/JONBOT/JONBOT/main.py", line 43, in <module>
    raise ValueError("Missing enviroment variable: " + env_string)
ValueError: Missing enviroment variable: TENOR_API
Starting JONBOT...
Traceback (most recent call last):
  File "/home/pi/JONBOT/JONBOT/main.py", line 43, in <module>
    raise ValueError("Missing enviroment variable: " + env_string)
ValueError: Missing enviroment variable: TENOR_API
Starting JONBOT...
Traceback (most recent call last):
  File "/home/pi/JONBOT/JONBOT/main.py", line 43, in <module>
    raise ValueError("Missing enviroment variable: " + env_string)
ValueError: Missing enviroment variable: TENOR_API
Starting JONBOT...
Traceback (most recent call last):
  File "/home/pi/JONBOT/JONBOT/main.py", line 43, in <module>
    raise ValueError("Missing enviroment variable: " + env_string)
ValueError: Missing enviroment variable: TENOR_API
Starting JONBOT...
Traceback (most recent call last):
  File "/home/pi/JONBOT/JONBOT/main.py", line 43, in <module>
    raise ValueError("Missing enviroment variable: " + env_string)
ValueError: Missing enviroment variable: TENOR_API
Starting JONBOT...
Traceback (most recent call last):
  File "/home/pi/JONBOT/JONBOT/main.py", line 43, in <module>
    raise ValueError("Missing enviroment variable: " + env_string)
ValueError: Missing enviroment variable: TENOR_API
Starting JONBOT...
Traceback (most recent call last):
  File "/home/pi/JONBOT/JONBOT/main.py", line 43, in <module>
    raise ValueError("Missing enviroment variable: " + env_string)
ValueError: Missing enviroment variable: TENOR_API
Starting JONBOT...
Traceback (most recent call last):
  File "/home/pi/JONBOT/JONBOT/main.py", line 43, in <module>
    raise ValueError("Missing enviroment variable: " + env_string)
ValueError: Missing enviroment variable: TENOR_API
Starting JONBOT...
Traceback (most recent call last):
  File "/home/pi/JONBOT/JONBOT/main.py", line 43, in <module>
    raise ValueError("Missing enviroment variable: " + env_string)
ValueError: Missing enviroment variable: TENOR_API
Starting JONBOT...
Traceback (most recent call last):
  File "/home/pi/JONBOT/JONBOT/main.py", line 43, in <module>
    raise ValueError("Missing enviroment variable: " + env_string)
ValueError: Missing enviroment variable: TENOR_API
Starting JONBOT...
Traceback (most recent call last):
  File "/home/pi/JONBOT/JONBOT/main.py", line 43, in <module>
    raise ValueError("Missing enviroment variable: " + env_string)
ValueError: Missing enviroment variable: TENOR_API
Starting JONBOT...
Traceback (most recent call last):
  File "/home/pi/JONBOT/JONBOT/main.py", line 43, in <module>
    raise ValueError("Missing enviroment variable: " + env_string)
ValueError: Missing enviroment variable: TENOR_API
Starting JONBOT...
Traceback (most recent call last):
  File "/home/pi/JONBOT/JONBOT/main.py", line 43, in <module>
    raise ValueError("Missing enviroment variable: " + env_string)
ValueError: Missing enviroment variable: TENOR_API
Starting JONBOT...
Traceback (most recent call last):
  File "/home/pi/JONBOT/JONBOT/main.py", line 43, in <module>
    raise ValueError("Missing enviroment variable: " + env_string)
ValueError: Missing enviroment variable: TENOR_API
Starting JONBOT...
Traceback (most recent call last):
  File "/home/pi/JONBOT/JONBOT/main.py", line 43, in <module>
    raise ValueError("Missing enviroment variable: " + env_string)
ValueError: Missing enviroment variable: TENOR_API
Starting JONBOT...
Traceback (most recent call last):
  File "/home/pi/JONBOT/JONBOT/main.py", line 43, in <module>
    raise ValueError("Missing enviroment variable: " + env_string)
ValueError: Missing enviroment variable: TENOR_API
Starting JONBOT...
Traceback (most recent call last):
  File "/home/pi/JONBOT/JONBOT/main.py", line 43, in <module>
    raise ValueError("Missing enviroment variable: " + env_string)
ValueError: Missing enviroment variable: TENOR_API
Starting JONBOT...
Traceback (most recent call last):
  File "/home/pi/JONBOT/JONBOT/main.py", line 43, in <module>
    raise ValueError("Missing enviroment variable: " + env_string)
ValueError: Missing enviroment variable: TENOR_API
Starting JONBOT...
Traceback (most recent call last):
  File "/home/pi/JONBOT/JONBOT/main.py", line 43, in <module>
    raise ValueError("Missing enviroment variable: " + env_string)
ValueError: Missing enviroment variable: TENOR_API
Starting JONBOT...
Traceback (most recent call last):
  File "/home/pi/JONBOT/JONBOT/main.py", line 43, in <module>
    raise ValueError("Missing enviroment variable: " + env_string)
ValueError: Missing enviroment variable: TENOR_API
Starting JONBOT...
Traceback (most recent call last):
  File "/home/pi/JONBOT/JONBOT/main.py", line 43, in <module>
    raise ValueError("Missing enviroment variable: " + env_string)
ValueError: Missing enviroment variable: TENOR_API
Starting JONBOT...
Traceback (most recent call last):
  File "/home/pi/JONBOT/JONBOT/main.py", line 43, in <module>
    raise ValueError("Missing enviroment variable: " + env_string)
ValueError: Missing enviroment variable: TENOR_API
Starting JONBOT...
Traceback (most recent call last):
  File "/home/pi/JONBOT/JONBOT/main.py", line 43, in <module>
    raise ValueError("Missing enviroment variable: " + env_string)
ValueError: Missing enviroment variable: TENOR_API
Starting JONBOT...
Traceback (most recent call last):
  File "/home/pi/JONBOT/JONBOT/main.py", line 43, in <module>
    raise ValueError("Missing enviroment variable: " + env_string)
ValueError: Missing enviroment variable: TENOR_API
Starting JONBOT...
Logged in as:
Rick Jhonson Mk.IV
795358168946442294
Starting JONBOT...
Logged in as:
Rick Jhonson Mk.IV
795358168946442294
ERROR: Unable to extract yt initial data
Ignoring exception in on_command_error
Traceback (most recent call last):
  File "/home/pi/.local/lib/python3.9/site-packages/youtube_dl/YoutubeDL.py", line 806, in wrapper
    return func(self, *args, **kwargs)
  File "/home/pi/.local/lib/python3.9/site-packages/youtube_dl/YoutubeDL.py", line 827, in __extract_info
    ie_result = ie.extract(url)
  File "/home/pi/.local/lib/python3.9/site-packages/youtube_dl/extractor/common.py", line 532, in extract
    ie_result = self._real_extract(url)
  File "/home/pi/.local/lib/python3.9/site-packages/youtube_dl/extractor/youtube.py", line 3208, in _real_extract
    data = self._extract_yt_initial_data(item_id, webpage)
  File "/home/pi/.local/lib/python3.9/site-packages/youtube_dl/extractor/youtube.py", line 300, in _extract_yt_initial_data
    self._search_regex(
  File "/home/pi/.local/lib/python3.9/site-packages/youtube_dl/extractor/common.py", line 1010, in _search_regex
    raise RegexNotFoundError('Unable to extract %s' % _name)
youtube_dl.utils.RegexNotFoundError: Unable to extract yt initial data

During handling of the above exception, another exception occurred:

Traceback (most recent call last):
  File "/home/pi/.local/lib/python3.9/site-packages/discord/ext/commands/core.py", line 85, in wrapped
    ret = await coro(*args, **kwargs)
  File "/home/pi/JONBOT/JONBOT/music.py", line 493, in _play
    source = await YTDLSource.create_source(ctx, search, loop=self.bot.loop)
  File "/home/pi/JONBOT/JONBOT/music.py", line 96, in create_source
    data = await loop.run_in_executor(None, partial)
  File "/usr/lib/python3.9/concurrent/futures/thread.py", line 52, in run
    result = self.fn(*self.args, **self.kwargs)
  File "/home/pi/.local/lib/python3.9/site-packages/youtube_dl/YoutubeDL.py", line 799, in extract_info
    return self.__extract_info(url, ie, download, extra_info, process)
  File "/home/pi/.local/lib/python3.9/site-packages/youtube_dl/YoutubeDL.py", line 815, in wrapper
    self.report_error(compat_str(e), e.format_traceback())
  File "/home/pi/.local/lib/python3.9/site-packages/youtube_dl/YoutubeDL.py", line 628, in report_error
    self.trouble(error_message, tb)
  File "/home/pi/.local/lib/python3.9/site-packages/youtube_dl/YoutubeDL.py", line 598, in trouble
    raise DownloadError(message, exc_info)
youtube_dl.utils.DownloadError: ERROR: Unable to extract yt initial data

The above exception was the direct cause of the following exception:

Traceback (most recent call last):
  File "/home/pi/.local/lib/python3.9/site-packages/discord/client.py", line 343, in _run_event
    await coro(*args, **kwargs)
  File "/home/pi/JONBOT/JONBOT/economy.py", line 82, in on_command_error
    raise error
  File "/home/pi/.local/lib/python3.9/site-packages/discord/ext/commands/bot.py", line 939, in invoke
    await ctx.command.invoke(ctx)
  File "/home/pi/.local/lib/python3.9/site-packages/discord/ext/commands/core.py", line 863, in invoke
    await injected(*ctx.args, **ctx.kwargs)
  File "/home/pi/.local/lib/python3.9/site-packages/discord/ext/commands/core.py", line 94, in wrapped
    raise CommandInvokeError(exc) from exc
discord.ext.commands.errors.CommandInvokeError: Command raised an exception: DownloadError: ERROR: Unable to extract yt initial data
Starting JONBOT...
Logged in as:
Rick Jhonson Mk.IV
795358168946442294
[dash @ 0xe0ed80] Manifest too large: 214609
https://manifest.googlevideo.com/api/manifest/dash/expire/1642556635/ei/exjnYfXfMYiM7ASY_p7wAQ/ip/81.234.0.178/id/ba1e49e4b2249e85/source/youtube/requiressl/yes/playback_host/rr5---sn-i5heen7s.googlevideo.com/mh/gt/mm/31%2C29/mn/sn-i5heen7s%2Csn-5goeen7d/ms/au%2Crdu/mv/m/mvi/5/pl/17/hfr/all/as/fmp4_audio_clear%2Cwebm_audio_clear%2Cwebm2_audio_clear%2Cfmp4_sd_hd_clear%2Cwebm2_sd_hd_clear/initcwndbps/2277500/vprv/1/mt/1642534627/fvip/5/keepalive/yes/fexp/24001373%2C24007246/itag/0/sparams/expire%2Cei%2Cip%2Cid%2Csource%2Crequiressl%2Chfr%2Cas%2Cvprv%2Citag/sig/AOq0QJ8wRgIhAOMWwoItPxjp5PcXOz1GQReh_F6J91ELplWbiagHu3ApAiEAgzCsSVT_QhKXrGiO73Kw1GyUft2Qfb091psGpVQP7g0%3D/lsparams/playback_host%2Cmh%2Cmm%2Cmn%2Cms%2Cmv%2Cmvi%2Cpl%2Cinitcwndbps/lsig/AG3C_xAwRQIhAL7oj192KNeqH2GCTiuSicH4hVesDIFpvh2GzDdbQC4bAiA77gYzFhJR2Fxzg55LzP7QEhcSFuvMPOfbcdgVR4jqJQ%3D%3D: Invalid data found when processing input
Killed
Starting JONBOT...
Logged in as:
Rick Jhonson Mk.IV
795358168946442294
[https @ 0x932950] HTTP error 403 Forbidden
https://rr5---sn-5goeen7y.googlevideo.com/videoplayback?expire=1643080414&ei=fhbvYanKLqD8yQXNpragDQ&ip=81.234.0.178&id=o-AGQHeslAEf1FHVJ9bgzGqjNtUfRo4YmN32Am3bBZU0kQ&itag=251&source=youtube&requiressl=yes&mh=7P&mm=31%2C26&mn=sn-5goeen7y%2Csn-ixh7rn76&ms=au%2Conr&mv=m&mvi=5&pl=19&initcwndbps=1353750&vprv=1&mime=audio%2Fwebm&ns=K5A9L7k6mi5T2Ny1WXEUeFEG&gir=yes&clen=5124350&dur=343.421&lmt=1613284587177322&mt=1643058303&fvip=5&keepalive=yes&fexp=24001373%2C24007246&c=WEB&txp=5531432&n=eeWRje3fIKg1mQdpv8xj&sparams=expire%2Cei%2Cip%2Cid%2Citag%2Csource%2Crequiressl%2Cvprv%2Cmime%2Cns%2Cgir%2Cclen%2Cdur%2Clmt&lsparams=mh%2Cmm%2Cmn%2Cms%2Cmv%2Cmvi%2Cpl%2Cinitcwndbps&lsig=AG3C_xAwRQIgfK0HMQuhMdVC_6vR8bm0xzE7h2JBVh7v9MHb8JG3pH4CIQDCIibAKEGRySSr5KCW78kBe_5vunHbQpdM_WuoJH8oVQ%3D%3D&sig=AOq0QJ8wRAIgUd_jTNffZ7OUcLBf9-KKK-dLZ66QiE_LX8K9wxZka4oCIC69o1zDbjzgQxUvwd6LVK0r-XH69x-ch0EyS-l15ML4&ratebypass=yes: Server returned 403 Forbidden (access denied)
Ignoring exception in on_message_delete
Traceback (most recent call last):
  File "/home/pi/.local/lib/python3.9/site-packages/discord/client.py", line 343, in _run_event
    await coro(*args, **kwargs)
  File "/home/pi/JONBOT/JONBOT/main_cog.py", line 76, in on_message_delete
    return await logs_channel.send(embed=embeds.log_delete_embed(message))
  File "/home/pi/JONBOT/JONBOT/embeds.py", line 169, in log_delete_embed
    if message.embeds[0].url.endswith(("jpg", "png", "gif")):
AttributeError: '_EmptyEmbed' object has no attribute 'endswith'
Ignoring exception in on_message_delete
Traceback (most recent call last):
  File "/home/pi/.local/lib/python3.9/site-packages/discord/client.py", line 343, in _run_event
    await coro(*args, **kwargs)
  File "/home/pi/JONBOT/JONBOT/main_cog.py", line 76, in on_message_delete
    return await logs_channel.send(embed=embeds.log_delete_embed(message))
  File "/home/pi/JONBOT/JONBOT/embeds.py", line 169, in log_delete_embed
    if message.embeds[0].url.endswith(("jpg", "png", "gif")):
AttributeError: '_EmptyEmbed' object has no attribute 'endswith'
Ignoring exception in on_message_delete
Traceback (most recent call last):
  File "/home/pi/.local/lib/python3.9/site-packages/discord/client.py", line 343, in _run_event
    await coro(*args, **kwargs)
  File "/home/pi/JONBOT/JONBOT/main_cog.py", line 76, in on_message_delete
    return await logs_channel.send(embed=embeds.log_delete_embed(message))
  File "/home/pi/JONBOT/JONBOT/embeds.py", line 169, in log_delete_embed
    if message.embeds[0].url.endswith(("jpg", "png", "gif")):
AttributeError: '_EmptyEmbed' object has no attribute 'endswith'
Ignoring exception in on_message_delete
Traceback (most recent call last):
  File "/home/pi/.local/lib/python3.9/site-packages/discord/client.py", line 343, in _run_event
    await coro(*args, **kwargs)
  File "/home/pi/JONBOT/JONBOT/main_cog.py", line 76, in on_message_delete
    return await logs_channel.send(embed=embeds.log_delete_embed(message))
  File "/home/pi/JONBOT/JONBOT/embeds.py", line 169, in log_delete_embed
    if message.embeds[0].url.endswith(("jpg", "png", "gif")):
AttributeError: '_EmptyEmbed' object has no attribute 'endswith'
Ignoring exception in on_message_delete
Traceback (most recent call last):
  File "/home/pi/.local/lib/python3.9/site-packages/discord/client.py", line 343, in _run_event
    await coro(*args, **kwargs)
  File "/home/pi/JONBOT/JONBOT/main_cog.py", line 76, in on_message_delete
    return await logs_channel.send(embed=embeds.log_delete_embed(message))
  File "/home/pi/JONBOT/JONBOT/embeds.py", line 169, in log_delete_embed
    if message.embeds[0].url.endswith(("jpg", "png", "gif")):
AttributeError: '_EmptyEmbed' object has no attribute 'endswith'
Ignoring exception in on_message_delete
Traceback (most recent call last):
  File "/home/pi/.local/lib/python3.9/site-packages/discord/client.py", line 343, in _run_event
    await coro(*args, **kwargs)
  File "/home/pi/JONBOT/JONBOT/main_cog.py", line 76, in on_message_delete
    return await logs_channel.send(embed=embeds.log_delete_embed(message))
  File "/home/pi/JONBOT/JONBOT/embeds.py", line 169, in log_delete_embed
    if message.embeds[0].url.endswith(("jpg", "png", "gif")):
AttributeError: '_EmptyEmbed' object has no attribute 'endswith'
[https @ 0x16cd960] HTTP error 403 Forbidden
https://rr2---sn-5go7yne6.googlevideo.com/videoplayback?expire=1643396396&ei=zOjzYc_7HZOB0u8Pp7u_mAI&ip=81.234.0.178&id=o-APljGiQhc_r7CB83yzBFwlsEWhN746hYR3Qf-eX6DsyO&itag=251&source=youtube&requiressl=yes&mh=Od&mm=31%2C29&mn=sn-5go7yne6%2Csn-5goeen7y&ms=au%2Crdu&mv=m&mvi=2&pl=19&gcr=se&initcwndbps=1646250&vprv=1&mime=audio%2Fwebm&ns=88l42sTPTql64eRIXrPdSOwG&gir=yes&clen=4117851&dur=263.701&lmt=1610595450159440&mt=1643374416&fvip=4&keepalive=yes&fexp=24001373%2C24007246&c=WEB&txp=2311222&n=SkGvAqOj-kDyaHauPJa&sparams=expire%2Cei%2Cip%2Cid%2Citag%2Csource%2Crequiressl%2Cgcr%2Cvprv%2Cmime%2Cns%2Cgir%2Cclen%2Cdur%2Clmt&lsparams=mh%2Cmm%2Cmn%2Cms%2Cmv%2Cmvi%2Cpl%2Cinitcwndbps&lsig=AG3C_xAwRgIhAPePQ21ioAYt8vj8-B5BeObZvE5ZI_8gWk3TGIuOXXn_AiEA-xN6KE2EYieCMVWo7rWXRFVkAcMMyNexpZBMzbSM1-I%3D&sig=AOq0QJ8wRgIhALENl7BTv_7aSeJWEIgvdCrhX9KobmFQdD5u_5LEY8UsAiEAsXkcKec6LXf4MySVIdhRj5trhDc-Y4vKBUUmY9C7VWE=&ratebypass=yes: Server returned 403 Forbidden (access denied)
Ignoring exception in on_command_error
Traceback (most recent call last):
  File "/home/pi/.local/lib/python3.9/site-packages/discord/ext/commands/core.py", line 85, in wrapped
    ret = await coro(*args, **kwargs)
  File "/home/pi/JONBOT/JONBOT/music.py", line 491, in _play
    await ctx.invoke(self._join)
  File "/home/pi/.local/lib/python3.9/site-packages/discord/ext/commands/context.py", line 144, in invoke
    ret = await command.callback(*arguments, **kwargs)
  File "/home/pi/JONBOT/JONBOT/music.py", line 315, in _join
    ctx.voice_state.voice = await destination.connect()
  File "/home/pi/.local/lib/python3.9/site-packages/discord/abc.py", line 1274, in connect
    raise ClientException('Already connected to a voice channel.')
discord.errors.ClientException: Already connected to a voice channel.

The above exception was the direct cause of the following exception:

Traceback (most recent call last):
  File "/home/pi/.local/lib/python3.9/site-packages/discord/client.py", line 343, in _run_event
    await coro(*args, **kwargs)
  File "/home/pi/JONBOT/JONBOT/economy.py", line 82, in on_command_error
    raise error
  File "/home/pi/.local/lib/python3.9/site-packages/discord/ext/commands/bot.py", line 939, in invoke
    await ctx.command.invoke(ctx)
  File "/home/pi/.local/lib/python3.9/site-packages/discord/ext/commands/core.py", line 863, in invoke
    await injected(*ctx.args, **ctx.kwargs)
  File "/home/pi/.local/lib/python3.9/site-packages/discord/ext/commands/core.py", line 94, in wrapped
    raise CommandInvokeError(exc) from exc
discord.ext.commands.errors.CommandInvokeError: Command raised an exception: ClientException: Already connected to a voice channel.
Ignoring exception in on_command_error
Traceback (most recent call last):
  File "/home/pi/.local/lib/python3.9/site-packages/discord/client.py", line 343, in _run_event
    await coro(*args, **kwargs)
  File "/home/pi/JONBOT/JONBOT/economy.py", line 82, in on_command_error
    raise error
  File "/home/pi/.local/lib/python3.9/site-packages/discord/ext/commands/bot.py", line 939, in invoke
    await ctx.command.invoke(ctx)
  File "/home/pi/.local/lib/python3.9/site-packages/discord/ext/commands/core.py", line 855, in invoke
    await self.prepare(ctx)
  File "/home/pi/.local/lib/python3.9/site-packages/discord/ext/commands/core.py", line 777, in prepare
    if not await self.can_run(ctx):
  File "/home/pi/.local/lib/python3.9/site-packages/discord/ext/commands/core.py", line 1087, in can_run
    return await discord.utils.async_all(predicate(ctx) for predicate in predicates)
  File "/home/pi/.local/lib/python3.9/site-packages/discord/utils.py", line 348, in async_all
    for elem in gen:
  File "/home/pi/.local/lib/python3.9/site-packages/discord/ext/commands/core.py", line 1087, in <genexpr>
    return await discord.utils.async_all(predicate(ctx) for predicate in predicates)
  File "/home/pi/.local/lib/python3.9/site-packages/discord/ext/commands/core.py", line 1790, in predicate
    raise MissingPermissions(missing)
discord.ext.commands.errors.MissingPermissions: You are missing Manage Server permission(s) to run this command.
Ignoring exception in on_command_error
Traceback (most recent call last):
  File "/home/pi/.local/lib/python3.9/site-packages/discord/ext/commands/core.py", line 85, in wrapped
    ret = await coro(*args, **kwargs)
  File "/home/pi/JONBOT/JONBOT/music.py", line 491, in _play
    await ctx.invoke(self._join)
  File "/home/pi/.local/lib/python3.9/site-packages/discord/ext/commands/context.py", line 144, in invoke
    ret = await command.callback(*arguments, **kwargs)
  File "/home/pi/JONBOT/JONBOT/music.py", line 315, in _join
    ctx.voice_state.voice = await destination.connect()
  File "/home/pi/.local/lib/python3.9/site-packages/discord/abc.py", line 1274, in connect
    raise ClientException('Already connected to a voice channel.')
discord.errors.ClientException: Already connected to a voice channel.

The above exception was the direct cause of the following exception:

Traceback (most recent call last):
  File "/home/pi/.local/lib/python3.9/site-packages/discord/client.py", line 343, in _run_event
    await coro(*args, **kwargs)
  File "/home/pi/JONBOT/JONBOT/economy.py", line 82, in on_command_error
    raise error
  File "/home/pi/.local/lib/python3.9/site-packages/discord/ext/commands/bot.py", line 939, in invoke
    await ctx.command.invoke(ctx)
  File "/home/pi/.local/lib/python3.9/site-packages/discord/ext/commands/core.py", line 863, in invoke
    await injected(*ctx.args, **ctx.kwargs)
  File "/home/pi/.local/lib/python3.9/site-packages/discord/ext/commands/core.py", line 94, in wrapped
    raise CommandInvokeError(exc) from exc
discord.ext.commands.errors.CommandInvokeError: Command raised an exception: ClientException: Already connected to a voice channel.
Ignoring exception in on_command_error
Traceback (most recent call last):
  File "/home/pi/.local/lib/python3.9/site-packages/discord/ext/commands/core.py", line 85, in wrapped
    ret = await coro(*args, **kwargs)
  File "/home/pi/JONBOT/JONBOT/music.py", line 491, in _play
    await ctx.invoke(self._join)
  File "/home/pi/.local/lib/python3.9/site-packages/discord/ext/commands/context.py", line 144, in invoke
    ret = await command.callback(*arguments, **kwargs)
  File "/home/pi/JONBOT/JONBOT/music.py", line 315, in _join
    ctx.voice_state.voice = await destination.connect()
  File "/home/pi/.local/lib/python3.9/site-packages/discord/abc.py", line 1274, in connect
    raise ClientException('Already connected to a voice channel.')
discord.errors.ClientException: Already connected to a voice channel.

The above exception was the direct cause of the following exception:

Traceback (most recent call last):
  File "/home/pi/.local/lib/python3.9/site-packages/discord/client.py", line 343, in _run_event
    await coro(*args, **kwargs)
  File "/home/pi/JONBOT/JONBOT/economy.py", line 82, in on_command_error
    raise error
  File "/home/pi/.local/lib/python3.9/site-packages/discord/ext/commands/bot.py", line 939, in invoke
    await ctx.command.invoke(ctx)
  File "/home/pi/.local/lib/python3.9/site-packages/discord/ext/commands/core.py", line 863, in invoke
    await injected(*ctx.args, **ctx.kwargs)
  File "/home/pi/.local/lib/python3.9/site-packages/discord/ext/commands/core.py", line 94, in wrapped
    raise CommandInvokeError(exc) from exc
discord.ext.commands.errors.CommandInvokeError: Command raised an exception: ClientException: Already connected to a voice channel.
Ignoring exception in on_command_error
Traceback (most recent call last):
  File "/home/pi/.local/lib/python3.9/site-packages/discord/ext/commands/core.py", line 85, in wrapped
    ret = await coro(*args, **kwargs)
  File "/home/pi/JONBOT/JONBOT/music.py", line 315, in _join
    ctx.voice_state.voice = await destination.connect()
  File "/home/pi/.local/lib/python3.9/site-packages/discord/abc.py", line 1274, in connect
    raise ClientException('Already connected to a voice channel.')
discord.errors.ClientException: Already connected to a voice channel.

The above exception was the direct cause of the following exception:

Traceback (most recent call last):
  File "/home/pi/.local/lib/python3.9/site-packages/discord/client.py", line 343, in _run_event
    await coro(*args, **kwargs)
  File "/home/pi/JONBOT/JONBOT/economy.py", line 82, in on_command_error
    raise error
  File "/home/pi/.local/lib/python3.9/site-packages/discord/ext/commands/bot.py", line 939, in invoke
    await ctx.command.invoke(ctx)
  File "/home/pi/.local/lib/python3.9/site-packages/discord/ext/commands/core.py", line 863, in invoke
    await injected(*ctx.args, **ctx.kwargs)
  File "/home/pi/.local/lib/python3.9/site-packages/discord/ext/commands/core.py", line 94, in wrapped
    raise CommandInvokeError(exc) from exc
discord.ext.commands.errors.CommandInvokeError: Command raised an exception: ClientException: Already connected to a voice channel.
Ignoring exception in on_command_error
Traceback (most recent call last):
  File "/home/pi/.local/lib/python3.9/site-packages/discord/client.py", line 343, in _run_event
    await coro(*args, **kwargs)
  File "/home/pi/JONBOT/JONBOT/economy.py", line 82, in on_command_error
    raise error
  File "/home/pi/.local/lib/python3.9/site-packages/discord/ext/commands/bot.py", line 939, in invoke
    await ctx.command.invoke(ctx)
  File "/home/pi/.local/lib/python3.9/site-packages/discord/ext/commands/core.py", line 855, in invoke
    await self.prepare(ctx)
  File "/home/pi/.local/lib/python3.9/site-packages/discord/ext/commands/core.py", line 791, in prepare
    await self.call_before_hooks(ctx)
  File "/home/pi/.local/lib/python3.9/site-packages/discord/ext/commands/core.py", line 731, in call_before_hooks
    await self._before_invoke(instance, ctx)
  File "/home/pi/JONBOT/JONBOT/music.py", line 512, in ensure_voice_state
    raise commands.CommandError('Bot is already in a voice channel.')
discord.ext.commands.errors.CommandError: Bot is already in a voice channel.
Ignoring exception in on_command_error
Traceback (most recent call last):
  File "/home/pi/.local/lib/python3.9/site-packages/discord/client.py", line 343, in _run_event
    await coro(*args, **kwargs)
  File "/home/pi/JONBOT/JONBOT/economy.py", line 82, in on_command_error
    raise error
  File "/home/pi/.local/lib/python3.9/site-packages/discord/ext/commands/bot.py", line 939, in invoke
    await ctx.command.invoke(ctx)
  File "/home/pi/.local/lib/python3.9/site-packages/discord/ext/commands/core.py", line 855, in invoke
    await self.prepare(ctx)
  File "/home/pi/.local/lib/python3.9/site-packages/discord/ext/commands/core.py", line 777, in prepare
    if not await self.can_run(ctx):
  File "/home/pi/.local/lib/python3.9/site-packages/discord/ext/commands/core.py", line 1087, in can_run
    return await discord.utils.async_all(predicate(ctx) for predicate in predicates)
  File "/home/pi/.local/lib/python3.9/site-packages/discord/utils.py", line 348, in async_all
    for elem in gen:
  File "/home/pi/.local/lib/python3.9/site-packages/discord/ext/commands/core.py", line 1087, in <genexpr>
    return await discord.utils.async_all(predicate(ctx) for predicate in predicates)
  File "/home/pi/.local/lib/python3.9/site-packages/discord/ext/commands/core.py", line 1790, in predicate
    raise MissingPermissions(missing)
discord.ext.commands.errors.MissingPermissions: You are missing Manage Server permission(s) to run this command.
Ignoring exception in on_command_error
Traceback (most recent call last):
  File "/home/pi/.local/lib/python3.9/site-packages/discord/ext/commands/core.py", line 85, in wrapped
    ret = await coro(*args, **kwargs)
  File "/home/pi/JONBOT/JONBOT/economy.py", line 230, in payday
    mention = ctx.message.mentions[0]
IndexError: list index out of range

The above exception was the direct cause of the following exception:

Traceback (most recent call last):
  File "/home/pi/.local/lib/python3.9/site-packages/discord/client.py", line 343, in _run_event
    await coro(*args, **kwargs)
  File "/home/pi/JONBOT/JONBOT/economy.py", line 82, in on_command_error
    raise error
  File "/home/pi/.local/lib/python3.9/site-packages/discord/ext/commands/bot.py", line 939, in invoke
    await ctx.command.invoke(ctx)
  File "/home/pi/.local/lib/python3.9/site-packages/discord/ext/commands/core.py", line 863, in invoke
    await injected(*ctx.args, **ctx.kwargs)
  File "/home/pi/.local/lib/python3.9/site-packages/discord/ext/commands/core.py", line 94, in wrapped
    raise CommandInvokeError(exc) from exc
discord.ext.commands.errors.CommandInvokeError: Command raised an exception: IndexError: list index out of range
Ignoring exception in on_command_error
Traceback (most recent call last):
  File "/home/pi/.local/lib/python3.9/site-packages/discord/ext/commands/core.py", line 85, in wrapped
    ret = await coro(*args, **kwargs)
  File "/home/pi/JONBOT/JONBOT/economy.py", line 234, in payday
    self.users[str(ctx.author.id)]["Pocket"] = self.users[str(ctx.author.id)]["Pocket"] - int(amount)
ValueError: invalid literal for int() with base 10: '<@!745448652889260113>'

The above exception was the direct cause of the following exception:

Traceback (most recent call last):
  File "/home/pi/.local/lib/python3.9/site-packages/discord/client.py", line 343, in _run_event
    await coro(*args, **kwargs)
  File "/home/pi/JONBOT/JONBOT/economy.py", line 82, in on_command_error
    raise error
  File "/home/pi/.local/lib/python3.9/site-packages/discord/ext/commands/bot.py", line 939, in invoke
    await ctx.command.invoke(ctx)
  File "/home/pi/.local/lib/python3.9/site-packages/discord/ext/commands/core.py", line 863, in invoke
    await injected(*ctx.args, **ctx.kwargs)
  File "/home/pi/.local/lib/python3.9/site-packages/discord/ext/commands/core.py", line 94, in wrapped
    raise CommandInvokeError(exc) from exc
discord.ext.commands.errors.CommandInvokeError: Command raised an exception: ValueError: invalid literal for int() with base 10: '<@!745448652889260113>'
Ignoring exception in on_command_error
Traceback (most recent call last):
  File "/home/pi/.local/lib/python3.9/site-packages/discord/ext/commands/core.py", line 85, in wrapped
    ret = await coro(*args, **kwargs)
  File "/home/pi/JONBOT/JONBOT/music.py", line 495, in _play
    source = await YTDLSource.create_source(ctx, search, loop=self.bot.loop)
  File "/home/pi/JONBOT/JONBOT/music.py", line 132, in create_source
    return cls(ctx, discord.FFmpegPCMAudio(info['url'], **cls.FFMPEG_OPTIONS), data=info)
  File "/home/pi/JONBOT/JONBOT/music.py", line 82, in __init__
    self.duration = self.parse_duration(int(data.get('duration')))
TypeError: int() argument must be a string, a bytes-like object or a number, not 'NoneType'

The above exception was the direct cause of the following exception:

Traceback (most recent call last):
  File "/home/pi/.local/lib/python3.9/site-packages/discord/client.py", line 343, in _run_event
    await coro(*args, **kwargs)
  File "/home/pi/JONBOT/JONBOT/economy.py", line 82, in on_command_error
    raise error
  File "/home/pi/.local/lib/python3.9/site-packages/discord/ext/commands/bot.py", line 939, in invoke
    await ctx.command.invoke(ctx)
  File "/home/pi/.local/lib/python3.9/site-packages/discord/ext/commands/core.py", line 863, in invoke
    await injected(*ctx.args, **ctx.kwargs)
  File "/home/pi/.local/lib/python3.9/site-packages/discord/ext/commands/core.py", line 94, in wrapped
    raise CommandInvokeError(exc) from exc
discord.ext.commands.errors.CommandInvokeError: Command raised an exception: TypeError: int() argument must be a string, a bytes-like object or a number, not 'NoneType'
[tls @ 0x1eeac40] Error in the pull function.
[https @ 0x1ee7960] Will reconnect at 6520784 in 0 second(s), error=Input/output error.
websocket connection is closing.
Traceback (most recent call last):
  File "/home/pi/.local/lib/python3.9/site-packages/discord/player.py", line 603, in run
    self._do_run()
  File "/home/pi/.local/lib/python3.9/site-packages/discord/player.py", line 596, in _do_run
    play_audio(data, encode=not self.source.is_opus())
  File "/home/pi/.local/lib/python3.9/site-packages/discord/voice_client.py", line 638, in send_audio_packet
    self.socket.sendto(packet, (self.endpoint_ip, self.voice_port))
OSError: [Errno 9] Bad file descriptor

During handling of the above exception, another exception occurred:

Traceback (most recent call last):
  File "/home/pi/.local/lib/python3.9/site-packages/discord/player.py", line 616, in _call_after
    self.after(error)
  File "/home/pi/JONBOT/JONBOT/music.py", line 253, in play_next_song
    raise VoiceError(str(error))
music.VoiceError: [Errno 9] Bad file descriptor
Task was destroyed but it is pending!
task: <Task pending name='Task-55067' coro=<VoiceState.audio_player_task() running at /home/pi/JONBOT/JONBOT/music.py:247> wait_for=<Future cancelled>>
Ignoring exception in on_command_error
Traceback (most recent call last):
  File "/home/pi/.local/lib/python3.9/site-packages/discord/ext/commands/core.py", line 85, in wrapped
    ret = await coro(*args, **kwargs)
  File "/home/pi/JONBOT/JONBOT/main_cog.py", line 144, in yt
    await ctx.send("https://www.youtube.com/watch?v=" + vid_search[0]["video_id"])
IndexError: list index out of range

The above exception was the direct cause of the following exception:

Traceback (most recent call last):
  File "/home/pi/.local/lib/python3.9/site-packages/discord/client.py", line 343, in _run_event
    await coro(*args, **kwargs)
  File "/home/pi/JONBOT/JONBOT/economy.py", line 82, in on_command_error
    raise error
  File "/home/pi/.local/lib/python3.9/site-packages/discord/ext/commands/bot.py", line 939, in invoke
    await ctx.command.invoke(ctx)
  File "/home/pi/.local/lib/python3.9/site-packages/discord/ext/commands/core.py", line 863, in invoke
    await injected(*ctx.args, **ctx.kwargs)
  File "/home/pi/.local/lib/python3.9/site-packages/discord/ext/commands/core.py", line 94, in wrapped
    raise CommandInvokeError(exc) from exc
discord.ext.commands.errors.CommandInvokeError: Command raised an exception: IndexError: list index out of range
ERROR: Video unavailable
Ignoring exception in on_command_error
Traceback (most recent call last):
  File "/home/pi/.local/lib/python3.9/site-packages/youtube_dl/YoutubeDL.py", line 806, in wrapper
    return func(self, *args, **kwargs)
  File "/home/pi/.local/lib/python3.9/site-packages/youtube_dl/YoutubeDL.py", line 827, in __extract_info
    ie_result = ie.extract(url)
  File "/home/pi/.local/lib/python3.9/site-packages/youtube_dl/extractor/common.py", line 532, in extract
    ie_result = self._real_extract(url)
  File "/home/pi/.local/lib/python3.9/site-packages/youtube_dl/extractor/youtube.py", line 2105, in _real_extract
    raise ExtractorError(error_message, expected=True)
youtube_dl.utils.ExtractorError: Video unavailable

During handling of the above exception, another exception occurred:

Traceback (most recent call last):
  File "/home/pi/.local/lib/python3.9/site-packages/discord/ext/commands/core.py", line 85, in wrapped
    ret = await coro(*args, **kwargs)
  File "/home/pi/JONBOT/JONBOT/music.py", line 495, in _play
    source = await YTDLSource.create_source(ctx, search, loop=self.bot.loop)
  File "/home/pi/JONBOT/JONBOT/music.py", line 98, in create_source
    data = await loop.run_in_executor(None, partial)
  File "/usr/lib/python3.9/concurrent/futures/thread.py", line 52, in run
    result = self.fn(*self.args, **self.kwargs)
  File "/home/pi/.local/lib/python3.9/site-packages/youtube_dl/YoutubeDL.py", line 799, in extract_info
    return self.__extract_info(url, ie, download, extra_info, process)
  File "/home/pi/.local/lib/python3.9/site-packages/youtube_dl/YoutubeDL.py", line 815, in wrapper
    self.report_error(compat_str(e), e.format_traceback())
  File "/home/pi/.local/lib/python3.9/site-packages/youtube_dl/YoutubeDL.py", line 628, in report_error
    self.trouble(error_message, tb)
  File "/home/pi/.local/lib/python3.9/site-packages/youtube_dl/YoutubeDL.py", line 598, in trouble
    raise DownloadError(message, exc_info)
youtube_dl.utils.DownloadError: ERROR: Video unavailable

The above exception was the direct cause of the following exception:

Traceback (most recent call last):
  File "/home/pi/.local/lib/python3.9/site-packages/discord/client.py", line 343, in _run_event
    await coro(*args, **kwargs)
  File "/home/pi/JONBOT/JONBOT/economy.py", line 82, in on_command_error
    raise error
  File "/home/pi/.local/lib/python3.9/site-packages/discord/ext/commands/bot.py", line 939, in invoke
    await ctx.command.invoke(ctx)
  File "/home/pi/.local/lib/python3.9/site-packages/discord/ext/commands/core.py", line 863, in invoke
    await injected(*ctx.args, **ctx.kwargs)
  File "/home/pi/.local/lib/python3.9/site-packages/discord/ext/commands/core.py", line 94, in wrapped
    raise CommandInvokeError(exc) from exc
discord.ext.commands.errors.CommandInvokeError: Command raised an exception: DownloadError: ERROR: Video unavailable
Task exception was never retrieved
future: <Task finished name='Task-1' coro=<Economy.bank_autosave() done, defined at /home/pi/JONBOT/JONBOT/economy.py:793> exception=OSError(28, 'No space left on device')>
Traceback (most recent call last):
  File "/home/pi/JONBOT/JONBOT/economy.py", line 796, in bank_autosave
    await self.bank_save()
  File "/home/pi/JONBOT/JONBOT/economy.py", line 800, in bank_save
    json.dump(self.users, f)
  File "/usr/lib/python3.9/json/__init__.py", line 180, in dump
    fp.write(chunk)
OSError: [Errno 28] No space left on device
[https @ 0x237b960] HTTP error 403 Forbidden
https://rr7---sn-uxap5nvoxg5-ixhs.googlevideo.com/videoplayback?expire=1645067043&ei=w2YNYoKfKMaBpATLgrToDQ&ip=81.234.0.178&id=o-AKLi0ZZm12_OKPMEA-cdk_1kVywaeKTJrkFDh3UwAME4&itag=251&source=youtube&requiressl=yes&mh=q4&mm=31%2C29&mn=sn-uxap5nvoxg5-ixhs%2Csn-5goeen7y&ms=au%2Crdu&mv=m&mvi=7&pl=17&initcwndbps=2252500&vprv=1&mime=audio%2Fwebm&ns=yrryzg6oQxtC9VoF7chbGqIG&gir=yes&clen=4333499&dur=270.701&lmt=1577452889588622&mt=1645045026&fvip=3&keepalive=yes&fexp=24001373%2C24007246&c=WEB&txp=5431432&n=KltFIBXlg8NsHMWIF&sparams=expire%2Cei%2Cip%2Cid%2Citag%2Csource%2Crequiressl%2Cvprv%2Cmime%2Cns%2Cgir%2Cclen%2Cdur%2Clmt&sig=AOq0QJ8wRQIgKf19Wh2_cLpTmwP_7GWutgI69ZPwbYBuHyyo1JjtQzsCIQCFmfMiH-iO0kFi3glkPDpGtxQAVjz7z8yv7NdpD7T7vQ%3D%3D&lsparams=mh%2Cmm%2Cmn%2Cms%2Cmv%2Cmvi%2Cpl%2Cinitcwndbps&lsig=AG3C_xAwRgIhAOZTIJTG4R2rOD8kpo9-GJRb_FhV_1hFfAUReFKsJ4QVAiEAi4jxDiM9V97b6f0DGKvGcyII7D5EvQ2iaMuGD5ZUuak%3D&ratebypass=yes: Server returned 403 Forbidden (access denied)
ERROR: Video unavailable
Ignoring exception in on_command_error
Traceback (most recent call last):
  File "/home/pi/.local/lib/python3.9/site-packages/youtube_dl/YoutubeDL.py", line 806, in wrapper
    return func(self, *args, **kwargs)
  File "/home/pi/.local/lib/python3.9/site-packages/youtube_dl/YoutubeDL.py", line 827, in __extract_info
    ie_result = ie.extract(url)
_ClientEventTask exception was never retrieved
future: <ClientEventTask state=finished event=on_command_error coro=<bound method Economy.on_command_error of <economy.Economy object at 0x76719160>> exception=OSError(28, 'No space left on device')>
Traceback (most recent call last):
  File "/home/pi/.local/lib/python3.9/site-packages/youtube_dl/YoutubeDL.py", line 806, in wrapper
    return func(self, *args, **kwargs)
  File "/home/pi/.local/lib/python3.9/site-packages/youtube_dl/YoutubeDL.py", line 827, in __extract_info
    ie_result = ie.extract(url)
  File "/home/pi/.local/lib/python3.9/site-packages/youtube_dl/extractor/common.py", line 532, in extract
    ie_result = self._real_extract(url)
  File "/home/pi/.local/lib/python3.9/site-packages/youtube_dl/extractor/youtube.py", line 2105, in _real_extract
    raise ExtractorError(error_message, expected=True)
youtube_dl.utils.ExtractorError: Video unavailable

During handling of the above exception, another exception occurred:

Traceback (most recent call last):
  File "/home/pi/.local/lib/python3.9/site-packages/discord/ext/commands/core.py", line 85, in wrapped
    ret = await coro(*args, **kwargs)
  File "/home/pi/JONBOT/JONBOT/music.py", line 495, in _play
    source = await YTDLSource.create_source(ctx, search, loop=self.bot.loop)
  File "/home/pi/JONBOT/JONBOT/music.py", line 98, in create_source
    data = await loop.run_in_executor(None, partial)
  File "/usr/lib/python3.9/concurrent/futures/thread.py", line 52, in run
    result = self.fn(*self.args, **self.kwargs)
  File "/home/pi/.local/lib/python3.9/site-packages/youtube_dl/YoutubeDL.py", line 799, in extract_info
    return self.__extract_info(url, ie, download, extra_info, process)
  File "/home/pi/.local/lib/python3.9/site-packages/youtube_dl/YoutubeDL.py", line 815, in wrapper
    self.report_error(compat_str(e), e.format_traceback())
  File "/home/pi/.local/lib/python3.9/site-packages/youtube_dl/YoutubeDL.py", line 628, in report_error
    self.trouble(error_message, tb)
  File "/home/pi/.local/lib/python3.9/site-packages/youtube_dl/YoutubeDL.py", line 598, in trouble
    raise DownloadError(message, exc_info)
youtube_dl.utils.DownloadError: ERROR: Video unavailable

The above exception was the direct cause of the following exception:

Traceback (most recent call last):
  File "/home/pi/.local/lib/python3.9/site-packages/discord/client.py", line 343, in _run_event
    await coro(*args, **kwargs)
  File "/home/pi/JONBOT/JONBOT/economy.py", line 82, in on_command_error
    raise error
  File "/home/pi/.local/lib/python3.9/site-packages/discord/ext/commands/bot.py", line 939, in invoke
    await ctx.command.invoke(ctx)
  File "/home/pi/.local/lib/python3.9/site-packages/discord/ext/commands/core.py", line 863, in invoke
    await injected(*ctx.args, **ctx.kwargs)
  File "/home/pi/.local/lib/python3.9/site-packages/discord/ext/commands/core.py", line 94, in wrapped
    raise CommandInvokeError(exc) from exc
discord.ext.commands.errors.CommandInvokeError: Command raised an exception: DownloadError: ERROR: Video unavailable

During handling of the above exception, another exception occurred:

Traceback (most recent call last):
  File "/home/pi/.local/lib/python3.9/site-packages/discord/client.py", line 348, in _run_event
    await self.on_error(event_name, *args, **kwargs)
  File "/home/pi/.local/lib/python3.9/site-packages/discord/client.py", line 407, in on_error
    traceback.print_exc()
  File "/usr/lib/python3.9/traceback.py", line 163, in print_exc
    print_exception(*sys.exc_info(), limit=limit, file=file, chain=chain)
  File "/usr/lib/python3.9/traceback.py", line 105, in print_exception
    print(line, file=file, end="")
OSError: [Errno 28] No space left on device
--- Logging error ---
ERROR: Video unavailable
Ignoring exception in on_command_error
--- Logging error ---
websocket connection is closing.
--- Logging error ---
Traceback (most recent call last):
Task exception was never retrieved
future: <Task finished name='Task-94199' coro=<VoiceState.audio_player_task() done, defined at /home/pi/JONBOT/JONBOT/music.py:235> exception=AttributeError("'NoneType' object has no attribute 'is_playing'")>
Traceback (most recent call last):
  File "/home/pi/JONBOT/JONBOT/music.py", line 249, in audio_player_task
    await self.auto_disconnect()
  File "/home/pi/.local/lib/python3.9/site-packages/discord/ext/tasks/__init__.py", line 181, in __call__
    return await self.coro(*args, **kwargs)
  File "/home/pi/JONBOT/JONBOT/music.py", line 273, in auto_disconnect
    if not self.voice.is_playing():
AttributeError: 'NoneType' object has no attribute 'is_playing'
Ignoring exception in on_message
Traceback (most recent call last):
  File "/home/pi/.local/lib/python3.9/site-packages/discord/client.py", line 343, in _run_event
    await coro(*args, **kwargs)
  File "/home/pi/JONBOT/JONBOT/economy.py", line 119, in on_message
    fnt = ImageFont.truetype('assets/fonts/edosz.ttf', 40)
  File "/home/pi/.local/lib/python3.9/site-packages/PIL/ImageFont.py", line 844, in truetype
    return freetype(font)
  File "/home/pi/.local/lib/python3.9/site-packages/PIL/ImageFont.py", line 841, in freetype
    return FreeTypeFont(font, size, index, encoding, layout_engine)
  File "/home/pi/.local/lib/python3.9/site-packages/PIL/ImageFont.py", line 193, in __init__
    self.font = core.getfont(
OSError: cannot open resource
websocket connection is closing.
Traceback (most recent call last):
  File "/home/pi/.local/lib/python3.9/site-packages/discord/player.py", line 603, in run
    self._do_run()
  File "/home/pi/.local/lib/python3.9/site-packages/discord/player.py", line 596, in _do_run
    play_audio(data, encode=not self.source.is_opus())
  File "/home/pi/.local/lib/python3.9/site-packages/discord/voice_client.py", line 638, in send_audio_packet
    self.socket.sendto(packet, (self.endpoint_ip, self.voice_port))
OSError: [Errno 9] Bad file descriptor

During handling of the above exception, another exception occurred:

Traceback (most recent call last):
  File "/home/pi/.local/lib/python3.9/site-packages/discord/player.py", line 616, in _call_after
    self.after(error)
  File "/home/pi/JONBOT/JONBOT/music.py", line 253, in play_next_song
    raise VoiceError(str(error))
music.VoiceError: [Errno 9] Bad file descriptor
Task was destroyed but it is pending!
task: <Task pending name='Task-74825' coro=<VoiceState.audio_player_task() running at /home/pi/JONBOT/JONBOT/music.py:247> wait_for=<Future cancelled>>
Unhandled exception in internal background task 'daily_verse'.
Traceback (most recent call last):
  File "/home/pi/.local/lib/python3.9/site-packages/discord/ext/tasks/__init__.py", line 101, in _loop
    await self.coro(*args, **kwargs)
  File "/home/pi/JONBOT/JONBOT/rick_answers.py", line 87, in daily_verse
    await self.verse(ctx=None)
  File "/home/pi/.local/lib/python3.9/site-packages/discord/ext/commands/core.py", line 372, in __call__
    return await self.callback(self.cog, *args, **kwargs)
  File "/home/pi/JONBOT/JONBOT/rick_answers.py", line 80, in verse
    channel = await self.bot.fetch_channel(self.daily_verse_channel_id)
  File "/home/pi/.local/lib/python3.9/site-packages/discord/client.py", line 1459, in fetch_channel
    data = await self.http.get_channel(channel_id)
  File "/home/pi/.local/lib/python3.9/site-packages/discord/http.py", line 252, in request
    raise DiscordServerError(r, data)
discord.errors.DiscordServerError: 503 Service Unavailable (error code: 0): upstream connect error or disconnect/reset before headers. reset reason: connection failure
Ignoring exception in on_command_error
Traceback (most recent call last):
  File "/home/pi/.local/lib/python3.9/site-packages/discord/client.py", line 343, in _run_event
    await coro(*args, **kwargs)
  File "/home/pi/JONBOT/JONBOT/economy.py", line 82, in on_command_error
    raise error
  File "/home/pi/.local/lib/python3.9/site-packages/discord/ext/commands/bot.py", line 939, in invoke
    await ctx.command.invoke(ctx)
  File "/home/pi/.local/lib/python3.9/site-packages/discord/ext/commands/core.py", line 855, in invoke
    await self.prepare(ctx)
  File "/home/pi/.local/lib/python3.9/site-packages/discord/ext/commands/core.py", line 789, in prepare
    await self._parse_arguments(ctx)
  File "/home/pi/.local/lib/python3.9/site-packages/discord/ext/commands/core.py", line 706, in _parse_arguments
    kwargs[name] = await self.transform(ctx, param)
  File "/home/pi/.local/lib/python3.9/site-packages/discord/ext/commands/core.py", line 542, in transform
    raise MissingRequiredArgument(param)
discord.ext.commands.errors.MissingRequiredArgument: search is a required argument that is missing.
[tls @ 0xbe7c70] Error in the pull function.
[https @ 0xbe4970] Will reconnect at 4046832 in 0 second(s), error=Input/output error.
Ignoring exception in on_command_error
Traceback (most recent call last):
  File "/home/pi/.local/lib/python3.9/site-packages/discord/ext/commands/core.py", line 85, in wrapped
    ret = await coro(*args, **kwargs)
  File "/home/pi/JONBOT/JONBOT/music.py", line 491, in _play
    await ctx.invoke(self._join)
  File "/home/pi/.local/lib/python3.9/site-packages/discord/ext/commands/context.py", line 144, in invoke
    ret = await command.callback(*arguments, **kwargs)
  File "/home/pi/JONBOT/JONBOT/music.py", line 315, in _join
    ctx.voice_state.voice = await destination.connect()
  File "/home/pi/.local/lib/python3.9/site-packages/discord/abc.py", line 1274, in connect
    raise ClientException('Already connected to a voice channel.')
discord.errors.ClientException: Already connected to a voice channel.

The above exception was the direct cause of the following exception:

Traceback (most recent call last):
  File "/home/pi/.local/lib/python3.9/site-packages/discord/client.py", line 343, in _run_event
    await coro(*args, **kwargs)
  File "/home/pi/JONBOT/JONBOT/economy.py", line 82, in on_command_error
    raise error
  File "/home/pi/.local/lib/python3.9/site-packages/discord/ext/commands/bot.py", line 939, in invoke
    await ctx.command.invoke(ctx)
  File "/home/pi/.local/lib/python3.9/site-packages/discord/ext/commands/core.py", line 863, in invoke
    await injected(*ctx.args, **ctx.kwargs)
  File "/home/pi/.local/lib/python3.9/site-packages/discord/ext/commands/core.py", line 94, in wrapped
    raise CommandInvokeError(exc) from exc
discord.ext.commands.errors.CommandInvokeError: Command raised an exception: ClientException: Already connected to a voice channel.
Starting JONBOT...
Logged in as:
Rick Jhonson Mk.IV
795358168946442294
[35.0, 35.0, 35.0, 35.0, 35.0, 35.0, 35.0, 35.0, 35.0, 35.0, 35.0]
[20, 20, 20, 20, 20, 20, 20, 20, 20, 20, 20]
embed image
[20, 20, 20, 20, 20, 20, 20, 20, 20, 20, 20, 20, 20, 20, 20, 20, 20, 20, 20, 20, 20, 20, 20, 20, 20, 20, 20, 20, 20, 20, 20, 20, 20, 20, 20, 20, 20, 20, 20, 20, 20, 20, 20, 20, 20, 20, 20, 20, 20, 20, 20, 20, 20, 20, 20, 20, 20, 20, 20, 20, 20, 20, 20, 20, 20, 20, 20, 20, 20, 20, 20, 20, 20, 20, 20, 20, 20, 20, 20, 20, 20, 20, 20, 20, 20, 20, 20, 20, 20, 20, 20, 20, 20, 20, 20, 20, 20, 20, 20, 20, 20, 20, 20, 20, 20, 20, 20, 20, 20, 20, 20, 20, 20, 20, 20, 20, 20, 20, 20, 20, 20, 20, 20, 20, 20, 20, 20, 20, 20, 20, 20, 20, 20, 20, 20]
[20, 20, 20, 20, 20, 20, 20, 20, 20, 20, 20, 20, 20, 20, 20, 20, 20, 20, 20, 20, 20, 20, 20, 20, 20, 20, 20, 20, 20, 20, 20, 20, 20, 20, 20, 20, 20, 20, 20, 20, 20, 20, 20, 20, 20, 20, 20, 20, 20, 20, 20, 20, 20, 20, 20, 20, 20, 20, 20, 20, 20, 20, 20, 20, 20, 20, 20, 20, 20, 20, 20, 20, 20, 20, 20, 20, 20, 20, 20, 20, 20, 20, 20, 20, 20, 20, 20, 20, 20, 20, 20, 20, 20, 20, 20, 20, 20, 20, 20, 20, 20, 20, 20, 20, 20, 20, 20, 20, 20, 20, 20, 20, 20, 20, 20, 20, 20, 20, 20, 20, 20, 20, 20, 20, 20, 20, 20, 20, 20, 20, 20, 20, 20, 20, 20, 20, 20, 20, 20, 20, 20, 20, 20, 20, 20, 20, 20, 20, 20, 20, 20, 20, 20, 20, 20, 20, 20, 20, 20, 20, 20, 20, 20, 20, 20, 20, 20, 20, 20, 20, 20, 20, 20, 20, 20, 20, 20, 20, 20, 20, 20, 20, 20, 20, 20, 20, 20, 20, 20, 20, 20, 20, 20, 20, 20, 20, 20, 20, 20, 20, 20, 20, 20, 20, 20, 20, 20, 20, 20, 20, 20, 20, 20, 20, 20, 20, 20, 20, 20, 20, 20, 20, 20, 20, 20, 20, 20, 20, 20, 20, 20, 20, 20, 20, 20, 20, 20, 20, 20, 20, 20, 20, 20, 20, 20, 20, 20, 20, 20, 20, 20, 20, 20, 20, 20, 20, 20, 20, 20, 20, 20, 20, 20, 20, 20, 20, 20, 20, 20, 20, 20, 20, 20, 20, 20, 20, 20, 20, 20, 20, 20, 20, 20, 20, 20, 20, 20, 20, 20, 20, 20, 20, 20, 20, 20, 20, 20, 20, 20, 20, 20, 20, 20, 20, 20, 20, 20, 20, 20, 20, 20, 20, 20, 20, 20, 20, 20, 20, 20, 20, 20, 20, 20, 20, 20, 20, 20, 20, 20, 20, 20, 20, 20, 20, 20, 20, 20, 20, 20, 20, 20, 20, 20, 20, 20, 20, 20, 20, 20, 20, 20, 20, 20, 20, 20, 20, 20, 20, 20, 20, 20, 20, 20, 20, 20, 20, 20, 20, 20, 20, 20, 20, 20, 20, 20, 20, 20, 20, 20, 20, 20, 20, 20, 20, 20, 20, 20, 20, 20, 20, 20, 20, 20, 20, 20, 20, 20, 20, 20, 20, 20, 20, 20, 20, 20, 20, 20, 20, 20, 20, 20, 20, 20, 20, 20, 20, 20, 20, 20, 20, 20, 20, 20, 20, 20, 20, 20, 20, 20, 20, 20, 20, 20, 20, 20, 20, 20, 20, 20, 20, 20, 20, 20, 20, 20, 20, 20, 20, 20, 20, 20, 20, 20, 20, 20, 20, 20, 20, 20, 20, 20, 20, 20, 20, 20, 20, 20, 20, 20, 20, 20, 20, 20, 20, 20, 20, 20, 20, 20, 20, 20, 20, 20, 20, 20, 20, 20, 20, 20, 20, 20, 20, 20, 20, 20, 20, 20, 20, 20, 20]
[20, 20, 20, 20, 20, 20, 20, 20, 20, 20, 20, 20, 20, 20, 20, 20, 20, 20, 20, 20, 20, 20, 20, 20, 20, 20, 20, 20, 20, 20, 20, 20, 20, 20, 20, 20, 20, 20, 20, 20, 20, 20, 20, 20, 20, 20, 20, 20, 20, 20, 20, 20, 20, 20, 20, 20, 20, 20, 20, 20, 20, 20, 20, 20, 20, 20, 20, 20, 20, 20, 20, 20, 20, 20, 20, 20, 20, 20, 20, 20, 20, 20, 20, 20, 20, 20, 20, 20, 20, 20, 20]
[20, 20, 20, 20, 20, 20, 20, 20, 20, 20, 20, 20, 20, 20, 20, 20, 20, 20, 20, 20, 20, 20, 20, 20, 20, 20, 20, 20, 20, 20, 20, 20, 20, 20, 20, 20, 20, 20, 20, 20, 20, 20, 20, 20, 20, 20, 20, 20, 20, 20, 20, 20, 20, 20, 20, 20, 20, 20, 20, 20, 20, 20, 20, 20, 20]
[25.0, 25.0, 25.0, 25.0, 25.0, 25.0, 25.0, 25.0, 25.0, 25.0, 25.0, 25.0]
[20, 20, 20, 20, 20, 20, 20, 20, 20, 20, 20, 20]
2835
attachment jpg,png,gif
message
message
message
message
message
embed no image
embed no image
message
message
message
message
message
message
message
message
embed no image
embed no image
message
message
message
message
message
message
message
message
message
message
message
message
message
message
message
message
message
attachment jpg,png,gif
Voice Channel: LoL Channel
message
embed no image
3500
4235
message
embed no image
140
2240
875
4235
14000
16940
560
5040
embed no image
140
message
message
message
message
message
message
message
message
message
message
message
message
message
message
message
message
message
message
message
message
message
message
message
message
message
message
message
message
message
message
message
message
attachment jpg,png,gif
attachment jpg,png,gif
message
5915
message
message
message
message
attachment jpg,png,gif
attachment jpg,png,gif
0.08339041993077811
message
message
0.3508882875208751
message
message
embed no image
6860
message
message
message
15435
message
140
0.48443617369828484
message
0.9060049122157459
message
0.14446718299137695
message
315
attachment jpg,png,gif
0.6048178518256965
message
attachment jpg,png,gif
message
message
message
message
message
1260
18515
0.5644365515581413
message
315
Task exception was never retrieved
future: <Task finished name='Task-2' coro=<Loop._loop() done, defined at /home/pi/.local/lib/python3.9/site-packages/discord/ext/tasks/__init__.py:88> exception=DiscordServerError('503 Service Unavailable (error code: 0): upstream connect error or disconnect/reset before headers. reset reason: connection failure')>
Traceback (most recent call last):
  File "/home/pi/.local/lib/python3.9/site-packages/discord/ext/tasks/__init__.py", line 125, in _loop
    raise exc
  File "/home/pi/.local/lib/python3.9/site-packages/discord/ext/tasks/__init__.py", line 101, in _loop
    await self.coro(*args, **kwargs)
  File "/home/pi/JONBOT/JONBOT/rick_answers.py", line 87, in daily_verse
    await self.verse(ctx=None)
  File "/home/pi/.local/lib/python3.9/site-packages/discord/ext/commands/core.py", line 372, in __call__
    return await self.callback(self.cog, *args, **kwargs)
  File "/home/pi/JONBOT/JONBOT/rick_answers.py", line 80, in verse
    channel = await self.bot.fetch_channel(self.daily_verse_channel_id)
  File "/home/pi/.local/lib/python3.9/site-packages/discord/client.py", line 1459, in fetch_channel
    data = await self.http.get_channel(channel_id)
  File "/home/pi/.local/lib/python3.9/site-packages/discord/http.py", line 252, in request
    raise DiscordServerError(r, data)
discord.errors.DiscordServerError: 503 Service Unavailable (error code: 0): upstream connect error or disconnect/reset before headers. reset reason: connection failure
Starting JONBOT...
Traceback (most recent call last):
  File "/home/pi/JONBOT/JONBOT/main.py", line 81, in <module>
    rick.add_cog(Economy(rick))
  File "/home/pi/JONBOT/JONBOT/economy.py", line 36, in __init__
    self.users = json.load(f)
  File "/usr/lib/python3.9/json/__init__.py", line 293, in load
    return loads(fp.read(),
  File "/usr/lib/python3.9/json/__init__.py", line 346, in loads
    return _default_decoder.decode(s)
  File "/usr/lib/python3.9/json/decoder.py", line 337, in decode
    obj, end = self.raw_decode(s, idx=_w(s, 0).end())
  File "/usr/lib/python3.9/json/decoder.py", line 355, in raw_decode
    raise JSONDecodeError("Expecting value", s, err.value) from None
json.decoder.JSONDecodeError: Expecting value: line 1 column 1 (char 0)
Starting JONBOT...
Traceback (most recent call last):
  File "/home/pi/JONBOT/JONBOT/main.py", line 81, in <module>
    rick.add_cog(Economy(rick))
  File "/home/pi/JONBOT/JONBOT/economy.py", line 36, in __init__
    self.users = json.load(f)
  File "/usr/lib/python3.9/json/__init__.py", line 293, in load
    return loads(fp.read(),
  File "/usr/lib/python3.9/json/__init__.py", line 346, in loads
    return _default_decoder.decode(s)
  File "/usr/lib/python3.9/json/decoder.py", line 337, in decode
    obj, end = self.raw_decode(s, idx=_w(s, 0).end())
  File "/usr/lib/python3.9/json/decoder.py", line 355, in raw_decode
    raise JSONDecodeError("Expecting value", s, err.value) from None
json.decoder.JSONDecodeError: Expecting value: line 1 column 1 (char 0)
Starting JONBOT...
Traceback (most recent call last):
  File "/home/pi/JONBOT/JONBOT/main.py", line 81, in <module>
    rick.add_cog(Economy(rick))
  File "/home/pi/JONBOT/JONBOT/economy.py", line 36, in __init__
    self.users = json.load(f)
  File "/usr/lib/python3.9/json/__init__.py", line 293, in load
    return loads(fp.read(),
  File "/usr/lib/python3.9/json/__init__.py", line 346, in loads
    return _default_decoder.decode(s)
  File "/usr/lib/python3.9/json/decoder.py", line 337, in decode
    obj, end = self.raw_decode(s, idx=_w(s, 0).end())
  File "/usr/lib/python3.9/json/decoder.py", line 355, in raw_decode
    raise JSONDecodeError("Expecting value", s, err.value) from None
json.decoder.JSONDecodeError: Expecting value: line 1 column 1 (char 0)
Starting JONBOT...
Traceback (most recent call last):
  File "/home/pi/JONBOT/JONBOT/main.py", line 81, in <module>
    rick.add_cog(Economy(rick))
  File "/home/pi/JONBOT/JONBOT/economy.py", line 36, in __init__
    self.users = json.load(f)
  File "/usr/lib/python3.9/json/__init__.py", line 293, in load
    return loads(fp.read(),
  File "/usr/lib/python3.9/json/__init__.py", line 346, in loads
    return _default_decoder.decode(s)
  File "/usr/lib/python3.9/json/decoder.py", line 337, in decode
    obj, end = self.raw_decode(s, idx=_w(s, 0).end())
  File "/usr/lib/python3.9/json/decoder.py", line 355, in raw_decode
    raise JSONDecodeError("Expecting value", s, err.value) from None
json.decoder.JSONDecodeError: Expecting value: line 1 column 1 (char 0)
Starting JONBOT...
Traceback (most recent call last):
  File "/home/pi/JONBOT/JONBOT/main.py", line 81, in <module>
    rick.add_cog(Economy(rick))
  File "/home/pi/JONBOT/JONBOT/economy.py", line 36, in __init__
    self.users = json.load(f)
  File "/usr/lib/python3.9/json/__init__.py", line 293, in load
    return loads(fp.read(),
  File "/usr/lib/python3.9/json/__init__.py", line 346, in loads
    return _default_decoder.decode(s)
  File "/usr/lib/python3.9/json/decoder.py", line 337, in decode
    obj, end = self.raw_decode(s, idx=_w(s, 0).end())
  File "/usr/lib/python3.9/json/decoder.py", line 355, in raw_decode
    raise JSONDecodeError("Expecting value", s, err.value) from None
json.decoder.JSONDecodeError: Expecting value: line 1 column 1 (char 0)
Starting JONBOT...
Traceback (most recent call last):
  File "/home/pi/JONBOT/JONBOT/main.py", line 81, in <module>
    rick.add_cog(Economy(rick))
  File "/home/pi/JONBOT/JONBOT/economy.py", line 36, in __init__
    self.users = json.load(f)
  File "/usr/lib/python3.9/json/__init__.py", line 293, in load
    return loads(fp.read(),
  File "/usr/lib/python3.9/json/__init__.py", line 346, in loads
    return _default_decoder.decode(s)
  File "/usr/lib/python3.9/json/decoder.py", line 337, in decode
    obj, end = self.raw_decode(s, idx=_w(s, 0).end())
  File "/usr/lib/python3.9/json/decoder.py", line 355, in raw_decode
    raise JSONDecodeError("Expecting value", s, err.value) from None
json.decoder.JSONDecodeError: Expecting value: line 1 column 1 (char 0)
Starting JONBOT...
Traceback (most recent call last):
  File "/home/pi/JONBOT/JONBOT/main.py", line 81, in <module>
    rick.add_cog(Economy(rick))
  File "/home/pi/JONBOT/JONBOT/economy.py", line 36, in __init__
    self.users = json.load(f)
  File "/usr/lib/python3.9/json/__init__.py", line 293, in load
    return loads(fp.read(),
  File "/usr/lib/python3.9/json/__init__.py", line 346, in loads
    return _default_decoder.decode(s)
  File "/usr/lib/python3.9/json/decoder.py", line 337, in decode
    obj, end = self.raw_decode(s, idx=_w(s, 0).end())
  File "/usr/lib/python3.9/json/decoder.py", line 355, in raw_decode
    raise JSONDecodeError("Expecting value", s, err.value) from None
json.decoder.JSONDecodeError: Expecting value: line 1 column 1 (char 0)
Starting JONBOT...
Traceback (most recent call last):
  File "/home/pi/JONBOT/JONBOT/main.py", line 81, in <module>
    rick.add_cog(Economy(rick))
  File "/home/pi/JONBOT/JONBOT/economy.py", line 36, in __init__
    self.users = json.load(f)
  File "/usr/lib/python3.9/json/__init__.py", line 293, in load
    return loads(fp.read(),
  File "/usr/lib/python3.9/json/__init__.py", line 346, in loads
    return _default_decoder.decode(s)
  File "/usr/lib/python3.9/json/decoder.py", line 337, in decode
    obj, end = self.raw_decode(s, idx=_w(s, 0).end())
  File "/usr/lib/python3.9/json/decoder.py", line 355, in raw_decode
    raise JSONDecodeError("Expecting value", s, err.value) from None
json.decoder.JSONDecodeError: Expecting value: line 1 column 1 (char 0)
Starting JONBOT...
Traceback (most recent call last):
  File "/home/pi/JONBOT/JONBOT/main.py", line 81, in <module>
    rick.add_cog(Economy(rick))
  File "/home/pi/JONBOT/JONBOT/economy.py", line 36, in __init__
    self.users = json.load(f)
  File "/usr/lib/python3.9/json/__init__.py", line 293, in load
    return loads(fp.read(),
  File "/usr/lib/python3.9/json/__init__.py", line 346, in loads
    return _default_decoder.decode(s)
  File "/usr/lib/python3.9/json/decoder.py", line 337, in decode
    obj, end = self.raw_decode(s, idx=_w(s, 0).end())
  File "/usr/lib/python3.9/json/decoder.py", line 355, in raw_decode
    raise JSONDecodeError("Expecting value", s, err.value) from None
json.decoder.JSONDecodeError: Expecting value: line 1 column 1 (char 0)
Starting JONBOT...
Traceback (most recent call last):
  File "/home/pi/JONBOT/JONBOT/main.py", line 81, in <module>
    rick.add_cog(Economy(rick))
  File "/home/pi/JONBOT/JONBOT/economy.py", line 36, in __init__
    self.users = json.load(f)
  File "/usr/lib/python3.9/json/__init__.py", line 293, in load
    return loads(fp.read(),
  File "/usr/lib/python3.9/json/__init__.py", line 346, in loads
    return _default_decoder.decode(s)
  File "/usr/lib/python3.9/json/decoder.py", line 337, in decode
    obj, end = self.raw_decode(s, idx=_w(s, 0).end())
  File "/usr/lib/python3.9/json/decoder.py", line 355, in raw_decode
    raise JSONDecodeError("Expecting value", s, err.value) from None
json.decoder.JSONDecodeError: Expecting value: line 1 column 1 (char 0)
Starting JONBOT...
Logged in as:
Rick Jhonson Mk.IV
795358168946442294
Traceback (most recent call last):
  File "/home/pi/JONBOT/JONBOT/main.py", line 21, in <module>
    from new_fishing import NewFishingCog
  File "/home/pi/JONBOT/JONBOT/new_fishing.py", line 17, in <module>
    from scipy.stats import truncnorm
ModuleNotFoundError: No module named 'scipy'
Starting JONBOT...
Logged in as:
Rick Jhonson Mk.IV
795358168946442294
Ignoring exception in on_command_error
Traceback (most recent call last):
  File "/home/pi/.local/lib/python3.9/site-packages/discord/ext/commands/core.py", line 85, in wrapped
    ret = await coro(*args, **kwargs)
  File "/home/pi/JONBOT/JONBOT/new_fishing.py", line 143, in send_inv
    message += f'{fishes[fish]["name"]}:\n Amount: {inv["count"]}\n Largest: {inv["largest"]:.1f\n\n}cm'
ValueError: Invalid format specifier

The above exception was the direct cause of the following exception:

Traceback (most recent call last):
  File "/home/pi/.local/lib/python3.9/site-packages/discord/client.py", line 343, in _run_event
    await coro(*args, **kwargs)
  File "/home/pi/JONBOT/JONBOT/errors.py", line 26, in on_command_error
    raise error
  File "/home/pi/.local/lib/python3.9/site-packages/discord/ext/commands/bot.py", line 939, in invoke
    await ctx.command.invoke(ctx)
  File "/home/pi/.local/lib/python3.9/site-packages/discord/ext/commands/core.py", line 863, in invoke
    await injected(*ctx.args, **ctx.kwargs)
  File "/home/pi/.local/lib/python3.9/site-packages/discord/ext/commands/core.py", line 94, in wrapped
    raise CommandInvokeError(exc) from exc
discord.ext.commands.errors.CommandInvokeError: Command raised an exception: ValueError: Invalid format specifier
Starting JONBOT...
Logged in as:
Rick Jhonson Mk.IV
795358168946442294
